******************************************************************************
                  TI ARM Linker PC v18.12.4                    
******************************************************************************
>> Linked Sun May  2 20:15:31 2021

OUTPUT FILE NAME:   <[TIVA]-GPIO Interrupt 1.out>
ENTRY POINT SYMBOL: "_c_int00_noinit_noargs"  address: 000006b1


MEMORY CONFIGURATION

         name            origin    length      used     unused   attr    fill
----------------------  --------  ---------  --------  --------  ----  --------
  FLASH                 00000000   00040000  000007f4  0003f80c  R  X
  SRAM                  20000000   00008000  00000200  00007e00  RW X


SEGMENT ALLOCATION MAP

run origin  load origin   length   init length attrs members
----------  ----------- ---------- ----------- ----- -------
00000000    00000000    000007f4   000007f4    r-x
  00000000    00000000    0000026c   0000026c    r-- .intvecs
  0000026c    0000026c    00000518   00000518    r-x .text
  00000784    00000784    00000070   00000070    r-- .const
20000000    20000000    00000200   00000000    rw-
  20000000    20000000    00000200   00000000    rw- .stack


SECTION ALLOCATION MAP

 output                                  attributes/
section   page    origin      length       input sections
--------  ----  ----------  ----------   ----------------
.intvecs   0    00000000    0000026c     
                  00000000    0000026c     tm4c123gh6pm_startup_ccs.obj (.intvecs)

.text      0    0000026c    00000518     
                  0000026c    00000132     driverlib.lib : gpio.obj (.text:GPIOPadConfigSet)
                  0000039e    00000002     --HOLE-- [fill = 0]
                  000003a0    00000128     main.obj (.text)
                  000004c8    000000f4     driverlib.lib : sysctl.obj (.text:SysCtlClockSet)
                  000005bc    00000068                   : interrupt.obj (.text:IntEnable)
                  00000624    00000056                   : gpio.obj (.text:GPIOIntTypeSet)
                  0000067a    00000002     --HOLE-- [fill = 0]
                  0000067c    00000034                   : sysctl.obj (.text:SysCtlPeripheralEnable)
                  000006b0    0000002c     rtsv7M4_T_le_v4SPD16_eabi.lib : boot_cortex_m.c.obj (.text:_c_int00_noinit_noargs:_c_int00_noinit_noargs)
                  000006dc    0000002a     driverlib.lib : gpio.obj (.text:GPIODirModeSet)
                  00000706    00000018                   : gpio.obj (.text:GPIOPinTypeGPIOOutput)
                  0000071e    00000012                   : gpio.obj (.text:GPIOPinTypeGPIOInput)
                  00000730    00000010                   : interrupt.obj (.text:IntMasterEnable)
                  00000740    0000000c                   : cpu.obj (.text:CPUcpsie)
                  0000074c    0000000c                   : gpio.obj (.text:GPIOIntEnable)
                  00000758    0000000c     tm4c123gh6pm_startup_ccs.obj (.text)
                  00000764    00000006     driverlib.lib : gpio.obj (.text:GPIOIntClear)
                  0000076a    00000006                   : gpio.obj (.text:GPIOPinRead)
                  00000770    00000006                   : gpio.obj (.text:GPIOPinWrite)
                  00000776    00000006                   : sysctl.obj (.text:SysCtlDelay)
                  0000077c    00000004     rtsv7M4_T_le_v4SPD16_eabi.lib : pre_init.c.obj (.text:_system_pre_init)
                  00000780    00000004                                   : exit.c.obj (.text:abort:abort)

.const     0    00000784    00000070     
                  00000784    00000070     driverlib.lib : interrupt.obj (.const)

.cinit     0    00000000    00000000     UNINITIALIZED

.init_array 
*          0    00000000    00000000     UNINITIALIZED

.stack     0    20000000    00000200     UNINITIALIZED
                  20000000    00000004     rtsv7M4_T_le_v4SPD16_eabi.lib : boot_cortex_m.c.obj (.stack)
                  20000004    000001fc     --HOLE--

MODULE SUMMARY

       Module                         code   ro data   rw data
       ------                         ----   -------   -------
    .\
       tm4c123gh6pm_startup_ccs.obj   12     620       0      
       main.obj                       296    0         0      
    +--+------------------------------+------+---------+---------+
       Total:                         308    620       0      
                                                              
    C:/ti/TivaWare_C_Series-2.1.4.178/driverlib/ccs/Debug/driverlib.lib
       gpio.obj                       506    0         0      
       sysctl.obj                     302    0         0      
       interrupt.obj                  120    112       0      
       cpu.obj                        12     0         0      
    +--+------------------------------+------+---------+---------+
       Total:                         940    112       0      
                                                              
    C:\ti\ccs930\ccs\tools\compiler\ti-cgt-arm_18.12.4.LTS\lib\rtsv7M4_T_le_v4SPD16_eabi.lib
       boot_cortex_m.c.obj            44     0         0      
       exit.c.obj                     4      0         0      
       pre_init.c.obj                 4      0         0      
    +--+------------------------------+------+---------+---------+
       Total:                         52     0         0      
                                                              
       Stack:                         0      0         512    
    +--+------------------------------+------+---------+---------+
       Grand Total:                   1300   732       512    


GLOBAL SYMBOLS: SORTED ALPHABETICALLY BY Name 

address   name                  
-------   ----                  
00000781  C$$EXIT               
00000741  CPUcpsie              
000006dd  GPIODirModeSet        
000003dd  GPIOFIntHandler       
00000765  GPIOIntClear          
0000074d  GPIOIntEnable         
00000625  GPIOIntTypeSet        
0000026d  GPIOPadConfigSet      
0000076b  GPIOPinRead           
0000071f  GPIOPinTypeGPIOInput  
00000707  GPIOPinTypeGPIOOutput 
00000771  GPIOPinWrite          
000005bd  IntEnable             
00000731  IntMasterEnable       
00000759  ResetISR              
000004c9  SysCtlClockSet        
00000777  SysCtlDelay           
0000067d  SysCtlPeripheralEnable
20000200  __STACK_END           
00000200  __STACK_SIZE          
20000200  __STACK_TOP           
ffffffff  __TI_pprof_out_hndl   
ffffffff  __TI_prof_data_size   
ffffffff  __TI_prof_data_start  
00000000  __TI_static_base__    
ffffffff  __binit__             
ffffffff  __c_args__            
UNDEFED   __mpu_init            
20000000  __stack               
000006b1  _c_int00_noinit_noargs
0000077d  _system_pre_init      
00000781  abort                 
ffffffff  binit                 
00000000  g_pfnVectors          
000003a1  initInterrupt         
0000045d  main                  


GLOBAL SYMBOLS: SORTED BY Symbol Address 

address   name                  
-------   ----                  
00000000  __TI_static_base__    
00000000  g_pfnVectors          
00000200  __STACK_SIZE          
0000026d  GPIOPadConfigSet      
000003a1  initInterrupt         
000003dd  GPIOFIntHandler       
0000045d  main                  
000004c9  SysCtlClockSet        
000005bd  IntEnable             
00000625  GPIOIntTypeSet        
0000067d  SysCtlPeripheralEnable
000006b1  _c_int00_noinit_noargs
000006dd  GPIODirModeSet        
00000707  GPIOPinTypeGPIOOutput 
0000071f  GPIOPinTypeGPIOInput  
00000731  IntMasterEnable       
00000741  CPUcpsie              
0000074d  GPIOIntEnable         
00000759  ResetISR              
00000765  GPIOIntClear          
0000076b  GPIOPinRead           
00000771  GPIOPinWrite          
00000777  SysCtlDelay           
0000077d  _system_pre_init      
00000781  C$$EXIT               
00000781  abort                 
20000000  __stack               
20000200  __STACK_END           
20000200  __STACK_TOP           
ffffffff  __TI_pprof_out_hndl   
ffffffff  __TI_prof_data_size   
ffffffff  __TI_prof_data_start  
ffffffff  __binit__             
ffffffff  __c_args__            
ffffffff  binit                 
UNDEFED   __mpu_init            

[36 symbols]
