<?xml version="1.0" encoding="ISO-8859-1" ?>
<link_info>
   <banner>TI ARM Linker PC v18.12.4.LTS</banner>
   <copyright>Copyright (c) 1996-2018 Texas Instruments Incorporated</copyright>
   <link_time>0x608bc07c</link_time>
   <link_errors>0x0</link_errors>
   <output_file>test_motor.out</output_file>
   <entry_point>
      <name>_c_int00_noargs</name>
      <address>0x6f9</address>
   </entry_point>
   <input_file_list>
      <input_file id="fl-2">
         <path>.\</path>
         <kind>object</kind>
         <file>main.obj</file>
         <name>main.obj</name>
      </input_file>
      <input_file id="fl-3">
         <path>.\</path>
         <kind>object</kind>
         <file>tm4c123gh6pm_startup_ccs.obj</file>
         <name>tm4c123gh6pm_startup_ccs.obj</name>
      </input_file>
      <input_file id="fl-4">
         <path>.\Motor\</path>
         <kind>object</kind>
         <file>motor.obj</file>
         <name>motor.obj</name>
      </input_file>
      <input_file id="fl-8">
         <kind>object</kind>
         <file>&lt;internal&gt;</file>
         <name>&lt;internal&gt;</name>
      </input_file>
      <input_file id="fl-9">
         <path>C:\ti\TivaWare_C_Series-2.1.4.178\driverlib\ccs\Debug\</path>
         <kind>archive</kind>
         <file>driverlib.lib</file>
         <name>gpio.obj</name>
      </input_file>
      <input_file id="fl-a">
         <path>C:\ti\TivaWare_C_Series-2.1.4.178\driverlib\ccs\Debug\</path>
         <kind>archive</kind>
         <file>driverlib.lib</file>
         <name>interrupt.obj</name>
      </input_file>
      <input_file id="fl-b">
         <path>C:\ti\TivaWare_C_Series-2.1.4.178\driverlib\ccs\Debug\</path>
         <kind>archive</kind>
         <file>driverlib.lib</file>
         <name>pwm.obj</name>
      </input_file>
      <input_file id="fl-c">
         <path>C:\ti\TivaWare_C_Series-2.1.4.178\driverlib\ccs\Debug\</path>
         <kind>archive</kind>
         <file>driverlib.lib</file>
         <name>sysctl.obj</name>
      </input_file>
      <input_file id="fl-d">
         <path>C:\ti\TivaWare_C_Series-2.1.4.178\driverlib\ccs\Debug\</path>
         <kind>archive</kind>
         <file>driverlib.lib</file>
         <name>systick.obj</name>
      </input_file>
      <input_file id="fl-e">
         <path>C:\ti\TivaWare_C_Series-2.1.4.178\driverlib\ccs\Debug\</path>
         <kind>archive</kind>
         <file>driverlib.lib</file>
         <name>cpu.obj</name>
      </input_file>
      <input_file id="fl-c4">
         <path>C:\ti\ccs930\ccs\tools\compiler\ti-cgt-arm_18.12.4.LTS\lib\</path>
         <kind>archive</kind>
         <file>rtsv7M4_T_le_v4SPD16_eabi.lib</file>
         <name>copy_zero_init.c.obj</name>
      </input_file>
      <input_file id="fl-c5">
         <path>C:\ti\ccs930\ccs\tools\compiler\ti-cgt-arm_18.12.4.LTS\lib\</path>
         <kind>archive</kind>
         <file>rtsv7M4_T_le_v4SPD16_eabi.lib</file>
         <name>copy_decompress_none.c.obj</name>
      </input_file>
      <input_file id="fl-c6">
         <path>C:\ti\ccs930\ccs\tools\compiler\ti-cgt-arm_18.12.4.LTS\lib\</path>
         <kind>archive</kind>
         <file>rtsv7M4_T_le_v4SPD16_eabi.lib</file>
         <name>copy_decompress_lzss.c.obj</name>
      </input_file>
      <input_file id="fl-c7">
         <path>C:\ti\ccs930\ccs\tools\compiler\ti-cgt-arm_18.12.4.LTS\lib\</path>
         <kind>archive</kind>
         <file>rtsv7M4_T_le_v4SPD16_eabi.lib</file>
         <name>boot_cortex_m.c.obj</name>
      </input_file>
      <input_file id="fl-c8">
         <path>C:\ti\ccs930\ccs\tools\compiler\ti-cgt-arm_18.12.4.LTS\lib\</path>
         <kind>archive</kind>
         <file>rtsv7M4_T_le_v4SPD16_eabi.lib</file>
         <name>memcpy_t2.asm.obj</name>
      </input_file>
      <input_file id="fl-c9">
         <path>C:\ti\ccs930\ccs\tools\compiler\ti-cgt-arm_18.12.4.LTS\lib\</path>
         <kind>archive</kind>
         <file>rtsv7M4_T_le_v4SPD16_eabi.lib</file>
         <name>memset_t2.asm.obj</name>
      </input_file>
      <input_file id="fl-ca">
         <path>C:\ti\ccs930\ccs\tools\compiler\ti-cgt-arm_18.12.4.LTS\lib\</path>
         <kind>archive</kind>
         <file>rtsv7M4_T_le_v4SPD16_eabi.lib</file>
         <name>autoinit.c.obj</name>
      </input_file>
      <input_file id="fl-cb">
         <path>C:\ti\ccs930\ccs\tools\compiler\ti-cgt-arm_18.12.4.LTS\lib\</path>
         <kind>archive</kind>
         <file>rtsv7M4_T_le_v4SPD16_eabi.lib</file>
         <name>pre_init.c.obj</name>
      </input_file>
      <input_file id="fl-cc">
         <path>C:\ti\ccs930\ccs\tools\compiler\ti-cgt-arm_18.12.4.LTS\lib\</path>
         <kind>archive</kind>
         <file>rtsv7M4_T_le_v4SPD16_eabi.lib</file>
         <name>cpy_tbl.c.obj</name>
      </input_file>
      <input_file id="fl-cd">
         <path>C:\ti\ccs930\ccs\tools\compiler\ti-cgt-arm_18.12.4.LTS\lib\</path>
         <kind>archive</kind>
         <file>rtsv7M4_T_le_v4SPD16_eabi.lib</file>
         <name>exit.c.obj</name>
      </input_file>
      <input_file id="fl-ce">
         <path>C:\ti\ccs930\ccs\tools\compiler\ti-cgt-arm_18.12.4.LTS\lib\</path>
         <kind>archive</kind>
         <file>rtsv7M4_T_le_v4SPD16_eabi.lib</file>
         <name>_lock.c.obj</name>
      </input_file>
      <input_file id="fl-cf">
         <path>C:\ti\ccs930\ccs\tools\compiler\ti-cgt-arm_18.12.4.LTS\lib\</path>
         <kind>archive</kind>
         <file>rtsv7M4_T_le_v4SPD16_eabi.lib</file>
         <name>args_main.c.obj</name>
      </input_file>
   </input_file_list>
   <object_component_list>
      <object_component id="oc-be">
         <name>.text</name>
         <load_address>0x20</load_address>
         <run_address>0x20</run_address>
         <size>0x158</size>
         <input_file_ref idref="fl-4"/>
      </object_component>
      <object_component id="oc-1af">
         <name>.text:GPIOPadConfigSet</name>
         <load_address>0x178</load_address>
         <run_address>0x178</run_address>
         <size>0x132</size>
         <input_file_ref idref="fl-9"/>
      </object_component>
      <object_component id="oc-94">
         <name>.text:SysCtlClockGet</name>
         <load_address>0x2ac</load_address>
         <run_address>0x2ac</run_address>
         <size>0x110</size>
         <input_file_ref idref="fl-c"/>
      </object_component>
      <object_component id="oc-b8">
         <name>.text:SysCtlClockSet</name>
         <load_address>0x3bc</load_address>
         <run_address>0x3bc</run_address>
         <size>0xf4</size>
         <input_file_ref idref="fl-c"/>
      </object_component>
      <object_component id="oc-1f">
         <name>.text</name>
         <load_address>0x4b0</load_address>
         <run_address>0x4b0</run_address>
         <size>0x9c</size>
         <input_file_ref idref="fl-c8"/>
      </object_component>
      <object_component id="oc-72">
         <name>.text</name>
         <load_address>0x54c</load_address>
         <run_address>0x54c</run_address>
         <size>0x84</size>
         <input_file_ref idref="fl-2"/>
      </object_component>
      <object_component id="oc-3">
         <name>.text:decompress:lzss:__TI_decompress_lzss</name>
         <load_address>0x5d0</load_address>
         <run_address>0x5d0</run_address>
         <size>0x68</size>
         <input_file_ref idref="fl-c6"/>
      </object_component>
      <object_component id="oc-144">
         <name>.text:GPIOPinConfigure</name>
         <load_address>0x638</load_address>
         <run_address>0x638</run_address>
         <size>0x48</size>
         <input_file_ref idref="fl-9"/>
      </object_component>
      <object_component id="oc-dd">
         <name>.text:__TI_auto_init_nobinit_nopinit:__TI_auto_init_nobinit_nopinit</name>
         <load_address>0x680</load_address>
         <run_address>0x680</run_address>
         <size>0x44</size>
         <input_file_ref idref="fl-ca"/>
      </object_component>
      <object_component id="oc-138">
         <name>.text:SysCtlPeripheralEnable</name>
         <load_address>0x6c4</load_address>
         <run_address>0x6c4</run_address>
         <size>0x34</size>
         <input_file_ref idref="fl-c"/>
      </object_component>
      <object_component id="oc-3d">
         <name>.text:_c_int00_noargs:_c_int00_noargs</name>
         <load_address>0x6f8</load_address>
         <run_address>0x6f8</run_address>
         <size>0x34</size>
         <input_file_ref idref="fl-c7"/>
      </object_component>
      <object_component id="oc-1a9">
         <name>.text:GPIODirModeSet</name>
         <load_address>0x72c</load_address>
         <run_address>0x72c</run_address>
         <size>0x2a</size>
         <input_file_ref idref="fl-9"/>
      </object_component>
      <object_component id="oc-14a">
         <name>.text:PWMGenConfigure</name>
         <load_address>0x756</load_address>
         <run_address>0x756</run_address>
         <size>0x22</size>
         <input_file_ref idref="fl-b"/>
      </object_component>
      <object_component id="oc-126">
         <name>.text:PWMPulseWidthSet</name>
         <load_address>0x778</load_address>
         <run_address>0x778</run_address>
         <size>0x1e</size>
         <input_file_ref idref="fl-b"/>
      </object_component>
      <object_component id="oc-2b">
         <name>.text:decompress:ZI:__TI_zero_init_nomemset:__TI_zero_init_nomemset</name>
         <load_address>0x796</load_address>
         <run_address>0x796</run_address>
         <size>0x1c</size>
         <input_file_ref idref="fl-c4"/>
      </object_component>
      <object_component id="oc-162">
         <name>.text:GPIOPinTypeGPIOOutput</name>
         <load_address>0x7b2</load_address>
         <run_address>0x7b2</run_address>
         <size>0x18</size>
         <input_file_ref idref="fl-9"/>
      </object_component>
      <object_component id="oc-132">
         <name>.text:SysCtlPWMClockSet</name>
         <load_address>0x7cc</load_address>
         <run_address>0x7cc</run_address>
         <size>0x14</size>
         <input_file_ref idref="fl-c"/>
      </object_component>
      <object_component id="oc-ac">
         <name>.text:SysTickEnable</name>
         <load_address>0x7e0</load_address>
         <run_address>0x7e0</run_address>
         <size>0x14</size>
         <input_file_ref idref="fl-d"/>
      </object_component>
      <object_component id="oc-a6">
         <name>.text:SysTickIntEnable</name>
         <load_address>0x7f4</load_address>
         <run_address>0x7f4</run_address>
         <size>0x14</size>
         <input_file_ref idref="fl-d"/>
      </object_component>
      <object_component id="oc-13e">
         <name>.text:GPIOPinTypePWM</name>
         <load_address>0x808</load_address>
         <run_address>0x808</run_address>
         <size>0x12</size>
         <input_file_ref idref="fl-9"/>
      </object_component>
      <object_component id="oc-156">
         <name>.text:PWMOutputState</name>
         <load_address>0x81a</load_address>
         <run_address>0x81a</run_address>
         <size>0x12</size>
         <input_file_ref idref="fl-b"/>
      </object_component>
      <object_component id="oc-a0">
         <name>.text:IntMasterEnable</name>
         <load_address>0x82c</load_address>
         <run_address>0x82c</run_address>
         <size>0x10</size>
         <input_file_ref idref="fl-a"/>
      </object_component>
      <object_component id="oc-150">
         <name>.text:PWMGenPeriodSet</name>
         <load_address>0x83c</load_address>
         <run_address>0x83c</run_address>
         <size>0x10</size>
         <input_file_ref idref="fl-b"/>
      </object_component>
      <object_component id="oc-9a">
         <name>.text:SysTickPeriodSet</name>
         <load_address>0x84c</load_address>
         <run_address>0x84c</run_address>
         <size>0x10</size>
         <input_file_ref idref="fl-d"/>
      </object_component>
      <object_component id="oc-9">
         <name>.text:decompress:none:__TI_decompress_none</name>
         <load_address>0x85c</load_address>
         <run_address>0x85c</run_address>
         <size>0xe</size>
         <input_file_ref idref="fl-c5"/>
      </object_component>
      <object_component id="oc-11a">
         <name>.text:CPUcpsie</name>
         <load_address>0x86a</load_address>
         <run_address>0x86a</run_address>
         <size>0xc</size>
         <input_file_ref idref="fl-e"/>
      </object_component>
      <object_component id="oc-15c">
         <name>.text:PWMGenEnable</name>
         <load_address>0x876</load_address>
         <run_address>0x876</run_address>
         <size>0xc</size>
         <input_file_ref idref="fl-b"/>
      </object_component>
      <object_component id="oc-b2">
         <name>.text:SysTickValueGet</name>
         <load_address>0x884</load_address>
         <run_address>0x884</run_address>
         <size>0xc</size>
         <input_file_ref idref="fl-d"/>
      </object_component>
      <object_component id="oc-12c">
         <name>.text:GPIOPinWrite</name>
         <load_address>0x890</load_address>
         <run_address>0x890</run_address>
         <size>0x6</size>
         <input_file_ref idref="fl-9"/>
      </object_component>
      <object_component id="oc-c4">
         <name>.text:SysCtlDelay</name>
         <load_address>0x896</load_address>
         <run_address>0x896</run_address>
         <size>0x6</size>
         <input_file_ref idref="fl-c"/>
      </object_component>
      <object_component id="oc-6c">
         <name>.text:_system_pre_init</name>
         <load_address>0x89c</load_address>
         <run_address>0x89c</run_address>
         <size>0x4</size>
         <input_file_ref idref="fl-cb"/>
      </object_component>
      <object_component id="oc-d1">
         <name>.text:abort:abort</name>
         <load_address>0x8a0</load_address>
         <run_address>0x8a0</run_address>
         <size>0x4</size>
         <input_file_ref idref="fl-cd"/>
      </object_component>
      <object_component id="oc-1b6">
         <name>.const:g_pui32GPIOBaseAddrs</name>
         <load_address>0x8a4</load_address>
         <run_address>0x8a4</run_address>
         <size>0x90</size>
         <input_file_ref idref="fl-9"/>
      </object_component>
      <object_component id="oc-10f">
         <name>.const:g_pui32Xtals</name>
         <load_address>0x934</load_address>
         <run_address>0x934</run_address>
         <size>0x6c</size>
         <input_file_ref idref="fl-c"/>
      </object_component>
      <object_component id="oc-c8">
         <name>.data</name>
         <load_address>0x9a4</load_address>
         <run_address>0x9a4</run_address>
         <size>0x4</size>
         <input_file_ref idref="fl-2"/>
      </object_component>
      <object_component id="oc-c5">
         <name>.common:sys_value</name>
         <uninitialized>true</uninitialized>
         <run_address>0x9a0</run_address>
         <size>0x4</size>
      </object_component>
      <object_component id="oc-226">
         <name>__TI_handler_table</name>
         <load_address>0xba8</load_address>
         <run_address>0xba8</run_address>
         <size>0xc</size>
      </object_component>
      <object_component id="oc-229">
         <name>.cinit..bss.load</name>
         <load_address>0xbb8</load_address>
         <run_address>0xbb8</run_address>
         <size>0x8</size>
      </object_component>
      <object_component id="oc-228">
         <name>.cinit..data.load</name>
         <load_address>0xbc0</load_address>
         <run_address>0xbc0</run_address>
         <size>0x8</size>
      </object_component>
      <object_component id="oc-227">
         <name>__TI_cinit_table</name>
         <load_address>0xbc8</load_address>
         <run_address>0xbc8</run_address>
         <size>0x10</size>
      </object_component>
      <object_component id="oc-c6">
         <name>.debug_info</name>
         <load_address>0x0</load_address>
         <run_address>0x0</run_address>
         <size>0x473</size>
         <input_file_ref idref="fl-2"/>
      </object_component>
      <object_component id="oc-c9">
         <name>.debug_info</name>
         <load_address>0x473</load_address>
         <run_address>0x473</run_address>
         <size>0xcc</size>
         <input_file_ref idref="fl-2"/>
      </object_component>
      <object_component id="oc-73">
         <name>.debug_info</name>
         <load_address>0x53f</load_address>
         <run_address>0x53f</run_address>
         <size>0x2ff</size>
         <input_file_ref idref="fl-2"/>
      </object_component>
      <object_component id="oc-16b">
         <name>.debug_info</name>
         <load_address>0x83e</load_address>
         <run_address>0x83e</run_address>
         <size>0x26b</size>
         <input_file_ref idref="fl-2"/>
      </object_component>
      <object_component id="oc-cc">
         <name>.debug_info</name>
         <load_address>0xaa9</load_address>
         <run_address>0xaa9</run_address>
         <size>0x8b</size>
         <input_file_ref idref="fl-2"/>
      </object_component>
      <object_component id="oc-1bf">
         <name>.debug_info</name>
         <load_address>0xb34</load_address>
         <run_address>0xb34</run_address>
         <size>0x297</size>
         <input_file_ref idref="fl-2"/>
      </object_component>
      <object_component id="oc-170">
         <name>.debug_info</name>
         <load_address>0xdcb</load_address>
         <run_address>0xdcb</run_address>
         <size>0xbb</size>
         <input_file_ref idref="fl-2"/>
      </object_component>
      <object_component id="oc-1a">
         <name>.debug_info</name>
         <load_address>0xe86</load_address>
         <run_address>0xe86</run_address>
         <size>0x84</size>
         <input_file_ref idref="fl-3"/>
      </object_component>
      <object_component id="oc-c0">
         <name>.debug_info</name>
         <load_address>0xf0a</load_address>
         <run_address>0xf0a</run_address>
         <size>0x660</size>
         <input_file_ref idref="fl-4"/>
      </object_component>
      <object_component id="oc-1a6">
         <name>.debug_info</name>
         <load_address>0x156a</load_address>
         <run_address>0x156a</run_address>
         <size>0x240</size>
         <input_file_ref idref="fl-9"/>
      </object_component>
      <object_component id="oc-1b7">
         <name>.debug_info</name>
         <load_address>0x17aa</load_address>
         <run_address>0x17aa</run_address>
         <size>0x15b</size>
         <input_file_ref idref="fl-9"/>
      </object_component>
      <object_component id="oc-12d">
         <name>.debug_info</name>
         <load_address>0x1905</load_address>
         <run_address>0x1905</run_address>
         <size>0x2a3</size>
         <input_file_ref idref="fl-9"/>
      </object_component>
      <object_component id="oc-1aa">
         <name>.debug_info</name>
         <load_address>0x1ba8</load_address>
         <run_address>0x1ba8</run_address>
         <size>0x2b3</size>
         <input_file_ref idref="fl-9"/>
      </object_component>
      <object_component id="oc-1b0">
         <name>.debug_info</name>
         <load_address>0x1e5b</load_address>
         <run_address>0x1e5b</run_address>
         <size>0x316</size>
         <input_file_ref idref="fl-9"/>
      </object_component>
      <object_component id="oc-13f">
         <name>.debug_info</name>
         <load_address>0x2171</load_address>
         <run_address>0x2171</run_address>
         <size>0x279</size>
         <input_file_ref idref="fl-9"/>
      </object_component>
      <object_component id="oc-163">
         <name>.debug_info</name>
         <load_address>0x23ea</load_address>
         <run_address>0x23ea</run_address>
         <size>0x2b7</size>
         <input_file_ref idref="fl-9"/>
      </object_component>
      <object_component id="oc-145">
         <name>.debug_info</name>
         <load_address>0x26a1</load_address>
         <run_address>0x26a1</run_address>
         <size>0x280</size>
         <input_file_ref idref="fl-9"/>
      </object_component>
      <object_component id="oc-113">
         <name>.debug_info</name>
         <load_address>0x2921</load_address>
         <run_address>0x2921</run_address>
         <size>0x18b</size>
         <input_file_ref idref="fl-9"/>
      </object_component>
      <object_component id="oc-a2">
         <name>.debug_info</name>
         <load_address>0x2aac</load_address>
         <run_address>0x2aac</run_address>
         <size>0x23e</size>
         <input_file_ref idref="fl-a"/>
      </object_component>
      <object_component id="oc-1a4">
         <name>.debug_info</name>
         <load_address>0x2cea</load_address>
         <run_address>0x2cea</run_address>
         <size>0x1ed</size>
         <input_file_ref idref="fl-b"/>
      </object_component>
      <object_component id="oc-127">
         <name>.debug_info</name>
         <load_address>0x2ed7</load_address>
         <run_address>0x2ed7</run_address>
         <size>0x2f6</size>
         <input_file_ref idref="fl-b"/>
      </object_component>
      <object_component id="oc-157">
         <name>.debug_info</name>
         <load_address>0x31cd</load_address>
         <run_address>0x31cd</run_address>
         <size>0x2c4</size>
         <input_file_ref idref="fl-b"/>
      </object_component>
      <object_component id="oc-151">
         <name>.debug_info</name>
         <load_address>0x3491</load_address>
         <run_address>0x3491</run_address>
         <size>0x2b6</size>
         <input_file_ref idref="fl-b"/>
      </object_component>
      <object_component id="oc-15d">
         <name>.debug_info</name>
         <load_address>0x3747</load_address>
         <run_address>0x3747</run_address>
         <size>0x276</size>
         <input_file_ref idref="fl-b"/>
      </object_component>
      <object_component id="oc-14c">
         <name>.debug_info</name>
         <load_address>0x39bd</load_address>
         <run_address>0x39bd</run_address>
         <size>0x2b3</size>
         <input_file_ref idref="fl-b"/>
      </object_component>
      <object_component id="oc-125">
         <name>.debug_info</name>
         <load_address>0x3c70</load_address>
         <run_address>0x3c70</run_address>
         <size>0x298</size>
         <input_file_ref idref="fl-c"/>
      </object_component>
      <object_component id="oc-110">
         <name>.debug_info</name>
         <load_address>0x3f08</load_address>
         <run_address>0x3f08</run_address>
         <size>0x14d</size>
         <input_file_ref idref="fl-c"/>
      </object_component>
      <object_component id="oc-13a">
         <name>.debug_info</name>
         <load_address>0x4055</load_address>
         <run_address>0x4055</run_address>
         <size>0x27d</size>
         <input_file_ref idref="fl-c"/>
      </object_component>
      <object_component id="oc-134">
         <name>.debug_info</name>
         <load_address>0x42d2</load_address>
         <run_address>0x42d2</run_address>
         <size>0x263</size>
         <input_file_ref idref="fl-c"/>
      </object_component>
      <object_component id="oc-b9">
         <name>.debug_info</name>
         <load_address>0x4535</load_address>
         <run_address>0x4535</run_address>
         <size>0x2db</size>
         <input_file_ref idref="fl-c"/>
      </object_component>
      <object_component id="oc-95">
         <name>.debug_info</name>
         <load_address>0x4810</load_address>
         <run_address>0x4810</run_address>
         <size>0x2b5</size>
         <input_file_ref idref="fl-c"/>
      </object_component>
      <object_component id="oc-19e">
         <name>.debug_info</name>
         <load_address>0x4ac5</load_address>
         <run_address>0x4ac5</run_address>
         <size>0x5f</size>
         <input_file_ref idref="fl-c"/>
      </object_component>
      <object_component id="oc-119">
         <name>.debug_info</name>
         <load_address>0x4b24</load_address>
         <run_address>0x4b24</run_address>
         <size>0x19d</size>
         <input_file_ref idref="fl-d"/>
      </object_component>
      <object_component id="oc-b3">
         <name>.debug_info</name>
         <load_address>0x4cc1</load_address>
         <run_address>0x4cc1</run_address>
         <size>0x22c</size>
         <input_file_ref idref="fl-d"/>
      </object_component>
      <object_component id="oc-9b">
         <name>.debug_info</name>
         <load_address>0x4eed</load_address>
         <run_address>0x4eed</run_address>
         <size>0x261</size>
         <input_file_ref idref="fl-d"/>
      </object_component>
      <object_component id="oc-a8">
         <name>.debug_info</name>
         <load_address>0x514e</load_address>
         <run_address>0x514e</run_address>
         <size>0x227</size>
         <input_file_ref idref="fl-d"/>
      </object_component>
      <object_component id="oc-ad">
         <name>.debug_info</name>
         <load_address>0x5375</load_address>
         <run_address>0x5375</run_address>
         <size>0x221</size>
         <input_file_ref idref="fl-d"/>
      </object_component>
      <object_component id="oc-11b">
         <name>.debug_info</name>
         <load_address>0x5596</load_address>
         <run_address>0x5596</run_address>
         <size>0x212</size>
         <input_file_ref idref="fl-e"/>
      </object_component>
      <object_component id="oc-65">
         <name>.debug_info</name>
         <load_address>0x57a8</load_address>
         <run_address>0x57a8</run_address>
         <size>0x2d3</size>
         <input_file_ref idref="fl-c4"/>
      </object_component>
      <object_component id="oc-2f">
         <name>.debug_info</name>
         <load_address>0x5a7b</load_address>
         <run_address>0x5a7b</run_address>
         <size>0x1d1</size>
         <input_file_ref idref="fl-c4"/>
      </object_component>
      <object_component id="oc-60">
         <name>.debug_info</name>
         <load_address>0x5c4c</load_address>
         <run_address>0x5c4c</run_address>
         <size>0x46</size>
         <input_file_ref idref="fl-c4"/>
      </object_component>
      <object_component id="oc-8b">
         <name>.debug_info</name>
         <load_address>0x5c92</load_address>
         <run_address>0x5c92</run_address>
         <size>0x2c</size>
         <input_file_ref idref="fl-c4"/>
      </object_component>
      <object_component id="oc-2a">
         <name>.debug_info</name>
         <load_address>0x5cbe</load_address>
         <run_address>0x5cbe</run_address>
         <size>0x2a7</size>
         <input_file_ref idref="fl-c5"/>
      </object_component>
      <object_component id="oc-d">
         <name>.debug_info</name>
         <load_address>0x5f65</load_address>
         <run_address>0x5f65</run_address>
         <size>0x1e9</size>
         <input_file_ref idref="fl-c5"/>
      </object_component>
      <object_component id="oc-25">
         <name>.debug_info</name>
         <load_address>0x614e</load_address>
         <run_address>0x614e</run_address>
         <size>0x46</size>
         <input_file_ref idref="fl-c5"/>
      </object_component>
      <object_component id="oc-58">
         <name>.debug_info</name>
         <load_address>0x6194</load_address>
         <run_address>0x6194</run_address>
         <size>0x2c</size>
         <input_file_ref idref="fl-c5"/>
      </object_component>
      <object_component id="oc-56">
         <name>.debug_info</name>
         <load_address>0x61c0</load_address>
         <run_address>0x61c0</run_address>
         <size>0x29d</size>
         <input_file_ref idref="fl-c6"/>
      </object_component>
      <object_component id="oc-6">
         <name>.debug_info</name>
         <load_address>0x645d</load_address>
         <run_address>0x645d</run_address>
         <size>0x24f</size>
         <input_file_ref idref="fl-c6"/>
      </object_component>
      <object_component id="oc-15">
         <name>.debug_info</name>
         <load_address>0x66ac</load_address>
         <run_address>0x66ac</run_address>
         <size>0x60</size>
         <input_file_ref idref="fl-c6"/>
      </object_component>
      <object_component id="oc-84">
         <name>.debug_info</name>
         <load_address>0x670c</load_address>
         <run_address>0x670c</run_address>
         <size>0x46</size>
         <input_file_ref idref="fl-c6"/>
      </object_component>
      <object_component id="oc-51">
         <name>.debug_info</name>
         <load_address>0x6752</load_address>
         <run_address>0x6752</run_address>
         <size>0x39</size>
         <input_file_ref idref="fl-c6"/>
      </object_component>
      <object_component id="oc-12">
         <name>.debug_info</name>
         <load_address>0x678b</load_address>
         <run_address>0x678b</run_address>
         <size>0x10a</size>
         <input_file_ref idref="fl-c7"/>
      </object_component>
      <object_component id="oc-41">
         <name>.debug_info</name>
         <load_address>0x6895</load_address>
         <run_address>0x6895</run_address>
         <size>0x1a8</size>
         <input_file_ref idref="fl-c7"/>
      </object_component>
      <object_component id="oc-20">
         <name>.debug_info</name>
         <load_address>0x6a3d</load_address>
         <run_address>0x6a3d</run_address>
         <size>0x118</size>
         <input_file_ref idref="fl-c8"/>
      </object_component>
      <object_component id="oc-182">
         <name>.debug_info</name>
         <load_address>0x6b55</load_address>
         <run_address>0x6b55</run_address>
         <size>0x4b2</size>
         <input_file_ref idref="fl-ca"/>
      </object_component>
      <object_component id="oc-de">
         <name>.debug_info</name>
         <load_address>0x7007</load_address>
         <run_address>0x7007</run_address>
         <size>0x1a5</size>
         <input_file_ref idref="fl-ca"/>
      </object_component>
      <object_component id="oc-1d4">
         <name>.debug_info</name>
         <load_address>0x71ac</load_address>
         <run_address>0x71ac</run_address>
         <size>0x39</size>
         <input_file_ref idref="fl-ca"/>
      </object_component>
      <object_component id="oc-1f0">
         <name>.debug_info</name>
         <load_address>0x71e5</load_address>
         <run_address>0x71e5</run_address>
         <size>0x39</size>
         <input_file_ref idref="fl-ca"/>
      </object_component>
      <object_component id="oc-1d9">
         <name>.debug_info</name>
         <load_address>0x721e</load_address>
         <run_address>0x721e</run_address>
         <size>0x39</size>
         <input_file_ref idref="fl-ca"/>
      </object_component>
      <object_component id="oc-1de">
         <name>.debug_info</name>
         <load_address>0x7257</load_address>
         <run_address>0x7257</run_address>
         <size>0xcd</size>
         <input_file_ref idref="fl-ca"/>
      </object_component>
      <object_component id="oc-6d">
         <name>.debug_info</name>
         <load_address>0x7324</load_address>
         <run_address>0x7324</run_address>
         <size>0x152</size>
         <input_file_ref idref="fl-cb"/>
      </object_component>
      <object_component id="oc-d2">
         <name>.debug_info</name>
         <load_address>0x7476</load_address>
         <run_address>0x7476</run_address>
         <size>0x121</size>
         <input_file_ref idref="fl-cd"/>
      </object_component>
      <object_component id="oc-23f">
         <name>.debug_info</name>
         <load_address>0x7597</load_address>
         <run_address>0x7597</run_address>
         <size>0xa1</size>
      </object_component>
      <object_component id="oc-16a">
         <name>.debug_line</name>
         <load_address>0x0</load_address>
         <run_address>0x0</run_address>
         <size>0xed</size>
         <input_file_ref idref="fl-2"/>
      </object_component>
      <object_component id="oc-176">
         <name>.debug_line</name>
         <load_address>0xed</load_address>
         <run_address>0xed</run_address>
         <size>0x2d</size>
         <input_file_ref idref="fl-2"/>
      </object_component>
      <object_component id="oc-76">
         <name>.debug_line</name>
         <load_address>0x11a</load_address>
         <run_address>0x11a</run_address>
         <size>0x8c</size>
         <input_file_ref idref="fl-2"/>
      </object_component>
      <object_component id="oc-16e">
         <name>.debug_line</name>
         <load_address>0x1a6</load_address>
         <run_address>0x1a6</run_address>
         <size>0x6f</size>
         <input_file_ref idref="fl-2"/>
      </object_component>
      <object_component id="oc-cf">
         <name>.debug_line</name>
         <load_address>0x215</load_address>
         <run_address>0x215</run_address>
         <size>0x20</size>
         <input_file_ref idref="fl-2"/>
      </object_component>
      <object_component id="oc-1c2">
         <name>.debug_line</name>
         <load_address>0x235</load_address>
         <run_address>0x235</run_address>
         <size>0x73</size>
         <input_file_ref idref="fl-2"/>
      </object_component>
      <object_component id="oc-173">
         <name>.debug_line</name>
         <load_address>0x2a8</load_address>
         <run_address>0x2a8</run_address>
         <size>0x70</size>
         <input_file_ref idref="fl-2"/>
      </object_component>
      <object_component id="oc-1d">
         <name>.debug_line</name>
         <load_address>0x318</load_address>
         <run_address>0x318</run_address>
         <size>0x20</size>
         <input_file_ref idref="fl-3"/>
      </object_component>
      <object_component id="oc-c3">
         <name>.debug_line</name>
         <load_address>0x338</load_address>
         <run_address>0x338</run_address>
         <size>0x128</size>
         <input_file_ref idref="fl-4"/>
      </object_component>
      <object_component id="oc-1e8">
         <name>.debug_line</name>
         <load_address>0x460</load_address>
         <run_address>0x460</run_address>
         <size>0x82</size>
         <input_file_ref idref="fl-9"/>
      </object_component>
      <object_component id="oc-1ec">
         <name>.debug_line</name>
         <load_address>0x4e2</load_address>
         <run_address>0x4e2</run_address>
         <size>0x7d</size>
         <input_file_ref idref="fl-9"/>
      </object_component>
      <object_component id="oc-130">
         <name>.debug_line</name>
         <load_address>0x55f</load_address>
         <run_address>0x55f</run_address>
         <size>0x92</size>
         <input_file_ref idref="fl-9"/>
      </object_component>
      <object_component id="oc-1ad">
         <name>.debug_line</name>
         <load_address>0x5f1</load_address>
         <run_address>0x5f1</run_address>
         <size>0x95</size>
         <input_file_ref idref="fl-9"/>
      </object_component>
      <object_component id="oc-1b3">
         <name>.debug_line</name>
         <load_address>0x686</load_address>
         <run_address>0x686</run_address>
         <size>0xd1</size>
         <input_file_ref idref="fl-9"/>
      </object_component>
      <object_component id="oc-142">
         <name>.debug_line</name>
         <load_address>0x757</load_address>
         <run_address>0x757</run_address>
         <size>0x93</size>
         <input_file_ref idref="fl-9"/>
      </object_component>
      <object_component id="oc-166">
         <name>.debug_line</name>
         <load_address>0x7ea</load_address>
         <run_address>0x7ea</run_address>
         <size>0x99</size>
         <input_file_ref idref="fl-9"/>
      </object_component>
      <object_component id="oc-149">
         <name>.debug_line</name>
         <load_address>0x883</load_address>
         <run_address>0x883</run_address>
         <size>0xa7</size>
         <input_file_ref idref="fl-9"/>
      </object_component>
      <object_component id="oc-116">
         <name>.debug_line</name>
         <load_address>0x92a</load_address>
         <run_address>0x92a</run_address>
         <size>0x69</size>
         <input_file_ref idref="fl-9"/>
      </object_component>
      <object_component id="oc-a5">
         <name>.debug_line</name>
         <load_address>0x993</load_address>
         <run_address>0x993</run_address>
         <size>0x97</size>
         <input_file_ref idref="fl-a"/>
      </object_component>
      <object_component id="oc-1e6">
         <name>.debug_line</name>
         <load_address>0xa2a</load_address>
         <run_address>0xa2a</run_address>
         <size>0x82</size>
         <input_file_ref idref="fl-b"/>
      </object_component>
      <object_component id="oc-12a">
         <name>.debug_line</name>
         <load_address>0xaac</load_address>
         <run_address>0xaac</run_address>
         <size>0x9e</size>
         <input_file_ref idref="fl-b"/>
      </object_component>
      <object_component id="oc-15a">
         <name>.debug_line</name>
         <load_address>0xb4a</load_address>
         <run_address>0xb4a</run_address>
         <size>0x95</size>
         <input_file_ref idref="fl-b"/>
      </object_component>
      <object_component id="oc-154">
         <name>.debug_line</name>
         <load_address>0xbdf</load_address>
         <run_address>0xbdf</run_address>
         <size>0x96</size>
         <input_file_ref idref="fl-b"/>
      </object_component>
      <object_component id="oc-160">
         <name>.debug_line</name>
         <load_address>0xc75</load_address>
         <run_address>0xc75</run_address>
         <size>0x91</size>
         <input_file_ref idref="fl-b"/>
      </object_component>
      <object_component id="oc-14b">
         <name>.debug_line</name>
         <load_address>0xd06</load_address>
         <run_address>0xd06</run_address>
         <size>0x9b</size>
         <input_file_ref idref="fl-b"/>
      </object_component>
      <object_component id="oc-19d">
         <name>.debug_line</name>
         <load_address>0xda1</load_address>
         <run_address>0xda1</run_address>
         <size>0x13d</size>
         <input_file_ref idref="fl-c"/>
      </object_component>
      <object_component id="oc-198">
         <name>.debug_line</name>
         <load_address>0xede</load_address>
         <run_address>0xede</run_address>
         <size>0x7f</size>
         <input_file_ref idref="fl-c"/>
      </object_component>
      <object_component id="oc-13d">
         <name>.debug_line</name>
         <load_address>0xf5d</load_address>
         <run_address>0xf5d</run_address>
         <size>0x94</size>
         <input_file_ref idref="fl-c"/>
      </object_component>
      <object_component id="oc-137">
         <name>.debug_line</name>
         <load_address>0xff1</load_address>
         <run_address>0xff1</run_address>
         <size>0x94</size>
         <input_file_ref idref="fl-c"/>
      </object_component>
      <object_component id="oc-bc">
         <name>.debug_line</name>
         <load_address>0x1085</load_address>
         <run_address>0x1085</run_address>
         <size>0xee</size>
         <input_file_ref idref="fl-c"/>
      </object_component>
      <object_component id="oc-98">
         <name>.debug_line</name>
         <load_address>0x1173</load_address>
         <run_address>0x1173</run_address>
         <size>0x11a</size>
         <input_file_ref idref="fl-c"/>
      </object_component>
      <object_component id="oc-1a1">
         <name>.debug_line</name>
         <load_address>0x128d</load_address>
         <run_address>0x128d</run_address>
         <size>0x7f</size>
         <input_file_ref idref="fl-c"/>
      </object_component>
      <object_component id="oc-19a">
         <name>.debug_line</name>
         <load_address>0x130c</load_address>
         <run_address>0x130c</run_address>
         <size>0x82</size>
         <input_file_ref idref="fl-d"/>
      </object_component>
      <object_component id="oc-b6">
         <name>.debug_line</name>
         <load_address>0x138e</load_address>
         <run_address>0x138e</run_address>
         <size>0x95</size>
         <input_file_ref idref="fl-d"/>
      </object_component>
      <object_component id="oc-9e">
         <name>.debug_line</name>
         <load_address>0x1423</load_address>
         <run_address>0x1423</run_address>
         <size>0x95</size>
         <input_file_ref idref="fl-d"/>
      </object_component>
      <object_component id="oc-a7">
         <name>.debug_line</name>
         <load_address>0x14b8</load_address>
         <run_address>0x14b8</run_address>
         <size>0x95</size>
         <input_file_ref idref="fl-d"/>
      </object_component>
      <object_component id="oc-b0">
         <name>.debug_line</name>
         <load_address>0x154d</load_address>
         <run_address>0x154d</run_address>
         <size>0x92</size>
         <input_file_ref idref="fl-d"/>
      </object_component>
      <object_component id="oc-11f">
         <name>.debug_line</name>
         <load_address>0x15df</load_address>
         <run_address>0x15df</run_address>
         <size>0x91</size>
         <input_file_ref idref="fl-e"/>
      </object_component>
      <object_component id="oc-91">
         <name>.debug_line</name>
         <load_address>0x1670</load_address>
         <run_address>0x1670</run_address>
         <size>0x90</size>
         <input_file_ref idref="fl-c4"/>
      </object_component>
      <object_component id="oc-2e">
         <name>.debug_line</name>
         <load_address>0x1700</load_address>
         <run_address>0x1700</run_address>
         <size>0x56</size>
         <input_file_ref idref="fl-c4"/>
      </object_component>
      <object_component id="oc-63">
         <name>.debug_line</name>
         <load_address>0x1756</load_address>
         <run_address>0x1756</run_address>
         <size>0x34</size>
         <input_file_ref idref="fl-c4"/>
      </object_component>
      <object_component id="oc-8e">
         <name>.debug_line</name>
         <load_address>0x178a</load_address>
         <run_address>0x178a</run_address>
         <size>0x90</size>
         <input_file_ref idref="fl-c4"/>
      </object_component>
      <object_component id="oc-5e">
         <name>.debug_line</name>
         <load_address>0x181a</load_address>
         <run_address>0x181a</run_address>
         <size>0x20</size>
         <input_file_ref idref="fl-c5"/>
      </object_component>
      <object_component id="oc-a">
         <name>.debug_line</name>
         <load_address>0x183a</load_address>
         <run_address>0x183a</run_address>
         <size>0x55</size>
         <input_file_ref idref="fl-c5"/>
      </object_component>
      <object_component id="oc-28">
         <name>.debug_line</name>
         <load_address>0x188f</load_address>
         <run_address>0x188f</run_address>
         <size>0x3a</size>
         <input_file_ref idref="fl-c5"/>
      </object_component>
      <object_component id="oc-5b">
         <name>.debug_line</name>
         <load_address>0x18c9</load_address>
         <run_address>0x18c9</run_address>
         <size>0x90</size>
         <input_file_ref idref="fl-c5"/>
      </object_component>
      <object_component id="oc-8a">
         <name>.debug_line</name>
         <load_address>0x1959</load_address>
         <run_address>0x1959</run_address>
         <size>0x20</size>
         <input_file_ref idref="fl-c6"/>
      </object_component>
      <object_component id="oc-4">
         <name>.debug_line</name>
         <load_address>0x1979</load_address>
         <run_address>0x1979</run_address>
         <size>0xa9</size>
         <input_file_ref idref="fl-c6"/>
      </object_component>
      <object_component id="oc-18">
         <name>.debug_line</name>
         <load_address>0x1a22</load_address>
         <run_address>0x1a22</run_address>
         <size>0x3a</size>
         <input_file_ref idref="fl-c6"/>
      </object_component>
      <object_component id="oc-87">
         <name>.debug_line</name>
         <load_address>0x1a5c</load_address>
         <run_address>0x1a5c</run_address>
         <size>0x98</size>
         <input_file_ref idref="fl-c6"/>
      </object_component>
      <object_component id="oc-54">
         <name>.debug_line</name>
         <load_address>0x1af4</load_address>
         <run_address>0x1af4</run_address>
         <size>0x94</size>
         <input_file_ref idref="fl-c6"/>
      </object_component>
      <object_component id="oc-50">
         <name>.debug_line</name>
         <load_address>0x1b88</load_address>
         <run_address>0x1b88</run_address>
         <size>0x33</size>
         <input_file_ref idref="fl-c7"/>
      </object_component>
      <object_component id="oc-3e">
         <name>.debug_line</name>
         <load_address>0x1bbb</load_address>
         <run_address>0x1bbb</run_address>
         <size>0x45</size>
         <input_file_ref idref="fl-c7"/>
      </object_component>
      <object_component id="oc-23">
         <name>.debug_line</name>
         <load_address>0x1c00</load_address>
         <run_address>0x1c00</run_address>
         <size>0x88</size>
         <input_file_ref idref="fl-c8"/>
      </object_component>
      <object_component id="oc-1d3">
         <name>.debug_line</name>
         <load_address>0x1c88</load_address>
         <run_address>0x1c88</run_address>
         <size>0xbd</size>
         <input_file_ref idref="fl-ca"/>
      </object_component>
      <object_component id="oc-e1">
         <name>.debug_line</name>
         <load_address>0x1d45</load_address>
         <run_address>0x1d45</run_address>
         <size>0x6f</size>
         <input_file_ref idref="fl-ca"/>
      </object_component>
      <object_component id="oc-1d7">
         <name>.debug_line</name>
         <load_address>0x1db4</load_address>
         <run_address>0x1db4</run_address>
         <size>0x2e</size>
         <input_file_ref idref="fl-ca"/>
      </object_component>
      <object_component id="oc-1f3">
         <name>.debug_line</name>
         <load_address>0x1de2</load_address>
         <run_address>0x1de2</run_address>
         <size>0x98</size>
         <input_file_ref idref="fl-ca"/>
      </object_component>
      <object_component id="oc-1dc">
         <name>.debug_line</name>
         <load_address>0x1e7a</load_address>
         <run_address>0x1e7a</run_address>
         <size>0x95</size>
         <input_file_ref idref="fl-ca"/>
      </object_component>
      <object_component id="oc-1e1">
         <name>.debug_line</name>
         <load_address>0x1f0f</load_address>
         <run_address>0x1f0f</run_address>
         <size>0x91</size>
         <input_file_ref idref="fl-ca"/>
      </object_component>
      <object_component id="oc-70">
         <name>.debug_line</name>
         <load_address>0x1fa0</load_address>
         <run_address>0x1fa0</run_address>
         <size>0x40</size>
         <input_file_ref idref="fl-cb"/>
      </object_component>
      <object_component id="oc-d6">
         <name>.debug_line</name>
         <load_address>0x1fe0</load_address>
         <run_address>0x1fe0</run_address>
         <size>0x3c</size>
         <input_file_ref idref="fl-cd"/>
      </object_component>
      <object_component id="oc-77">
         <name>.debug_frame</name>
         <load_address>0x0</load_address>
         <run_address>0x0</run_address>
         <size>0x88</size>
         <input_file_ref idref="fl-2"/>
      </object_component>
      <object_component id="oc-bf">
         <name>.debug_frame</name>
         <load_address>0x88</load_address>
         <run_address>0x88</run_address>
         <size>0x100</size>
         <input_file_ref idref="fl-4"/>
      </object_component>
      <object_component id="oc-131">
         <name>.debug_frame</name>
         <load_address>0x3e4</load_address>
         <run_address>0x3e4</run_address>
         <size>0x7f</size>
         <input_file_ref idref="fl-9"/>
      </object_component>
      <object_component id="oc-1ae">
         <name>.debug_frame</name>
         <load_address>0x463</load_address>
         <run_address>0x463</run_address>
         <size>0x7f</size>
         <input_file_ref idref="fl-9"/>
      </object_component>
      <object_component id="oc-1b4">
         <name>.debug_frame</name>
         <load_address>0x4e2</load_address>
         <run_address>0x4e2</run_address>
         <size>0x8f</size>
         <input_file_ref idref="fl-9"/>
      </object_component>
      <object_component id="oc-143">
         <name>.debug_frame</name>
         <load_address>0x571</load_address>
         <run_address>0x571</run_address>
         <size>0x86</size>
         <input_file_ref idref="fl-9"/>
      </object_component>
      <object_component id="oc-167">
         <name>.debug_frame</name>
         <load_address>0x5f7</load_address>
         <run_address>0x5f7</run_address>
         <size>0x8a</size>
         <input_file_ref idref="fl-9"/>
      </object_component>
      <object_component id="oc-148">
         <name>.debug_frame</name>
         <load_address>0x681</load_address>
         <run_address>0x681</run_address>
         <size>0x86</size>
         <input_file_ref idref="fl-9"/>
      </object_component>
      <object_component id="oc-a1">
         <name>.debug_frame</name>
         <load_address>0x707</load_address>
         <run_address>0x707</run_address>
         <size>0x86</size>
         <input_file_ref idref="fl-a"/>
      </object_component>
      <object_component id="oc-12b">
         <name>.debug_frame</name>
         <load_address>0x78d</load_address>
         <run_address>0x78d</run_address>
         <size>0x7f</size>
         <input_file_ref idref="fl-b"/>
      </object_component>
      <object_component id="oc-15b">
         <name>.debug_frame</name>
         <load_address>0x80c</load_address>
         <run_address>0x80c</run_address>
         <size>0x7f</size>
         <input_file_ref idref="fl-b"/>
      </object_component>
      <object_component id="oc-155">
         <name>.debug_frame</name>
         <load_address>0x88b</load_address>
         <run_address>0x88b</run_address>
         <size>0x7f</size>
         <input_file_ref idref="fl-b"/>
      </object_component>
      <object_component id="oc-161">
         <name>.debug_frame</name>
         <load_address>0x90a</load_address>
         <run_address>0x90a</run_address>
         <size>0x7f</size>
         <input_file_ref idref="fl-b"/>
      </object_component>
      <object_component id="oc-14f">
         <name>.debug_frame</name>
         <load_address>0x989</load_address>
         <run_address>0x989</run_address>
         <size>0x7f</size>
         <input_file_ref idref="fl-b"/>
      </object_component>
      <object_component id="oc-139">
         <name>.debug_frame</name>
         <load_address>0xa08</load_address>
         <run_address>0xa08</run_address>
         <size>0x7f</size>
         <input_file_ref idref="fl-c"/>
      </object_component>
      <object_component id="oc-133">
         <name>.debug_frame</name>
         <load_address>0xa87</load_address>
         <run_address>0xa87</run_address>
         <size>0x7f</size>
         <input_file_ref idref="fl-c"/>
      </object_component>
      <object_component id="oc-bd">
         <name>.debug_frame</name>
         <load_address>0xb06</load_address>
         <run_address>0xb06</run_address>
         <size>0x93</size>
         <input_file_ref idref="fl-c"/>
      </object_component>
      <object_component id="oc-99">
         <name>.debug_frame</name>
         <load_address>0xb99</load_address>
         <run_address>0xb99</run_address>
         <size>0x8e</size>
         <input_file_ref idref="fl-c"/>
      </object_component>
      <object_component id="oc-b7">
         <name>.debug_frame</name>
         <load_address>0xc27</load_address>
         <run_address>0xc27</run_address>
         <size>0x7f</size>
         <input_file_ref idref="fl-d"/>
      </object_component>
      <object_component id="oc-9f">
         <name>.debug_frame</name>
         <load_address>0xca6</load_address>
         <run_address>0xca6</run_address>
         <size>0x7f</size>
         <input_file_ref idref="fl-d"/>
      </object_component>
      <object_component id="oc-ab">
         <name>.debug_frame</name>
         <load_address>0xd25</load_address>
         <run_address>0xd25</run_address>
         <size>0x7f</size>
         <input_file_ref idref="fl-d"/>
      </object_component>
      <object_component id="oc-b1">
         <name>.debug_frame</name>
         <load_address>0xda4</load_address>
         <run_address>0xda4</run_address>
         <size>0x7f</size>
         <input_file_ref idref="fl-d"/>
      </object_component>
      <object_component id="oc-11e">
         <name>.debug_frame</name>
         <load_address>0xe23</load_address>
         <run_address>0xe23</run_address>
         <size>0x7f</size>
         <input_file_ref idref="fl-e"/>
      </object_component>
      <object_component id="oc-2c">
         <name>.debug_frame</name>
         <load_address>0x188</load_address>
         <run_address>0x188</run_address>
         <size>0x54</size>
         <input_file_ref idref="fl-c4"/>
      </object_component>
      <object_component id="oc-c">
         <name>.debug_frame</name>
         <load_address>0x1dc</load_address>
         <run_address>0x1dc</run_address>
         <size>0x54</size>
         <input_file_ref idref="fl-c5"/>
      </object_component>
      <object_component id="oc-5">
         <name>.debug_frame</name>
         <load_address>0x230</load_address>
         <run_address>0x230</run_address>
         <size>0x60</size>
         <input_file_ref idref="fl-c6"/>
      </object_component>
      <object_component id="oc-3f">
         <name>.debug_frame</name>
         <load_address>0x290</load_address>
         <run_address>0x290</run_address>
         <size>0x50</size>
         <input_file_ref idref="fl-c7"/>
      </object_component>
      <object_component id="oc-e2">
         <name>.debug_frame</name>
         <load_address>0x2e0</load_address>
         <run_address>0x2e0</run_address>
         <size>0x5c</size>
         <input_file_ref idref="fl-ca"/>
      </object_component>
      <object_component id="oc-71">
         <name>.debug_frame</name>
         <load_address>0x33c</load_address>
         <run_address>0x33c</run_address>
         <size>0x54</size>
         <input_file_ref idref="fl-cb"/>
      </object_component>
      <object_component id="oc-d5">
         <name>.debug_frame</name>
         <load_address>0x390</load_address>
         <run_address>0x390</run_address>
         <size>0x54</size>
         <input_file_ref idref="fl-cd"/>
      </object_component>
      <object_component id="oc-169">
         <name>.debug_abbrev</name>
         <load_address>0x0</load_address>
         <run_address>0x0</run_address>
         <size>0xb0</size>
         <input_file_ref idref="fl-2"/>
      </object_component>
      <object_component id="oc-175">
         <name>.debug_abbrev</name>
         <load_address>0xb0</load_address>
         <run_address>0xb0</run_address>
         <size>0x29</size>
         <input_file_ref idref="fl-2"/>
      </object_component>
      <object_component id="oc-cb">
         <name>.debug_abbrev</name>
         <load_address>0xd9</load_address>
         <run_address>0xd9</run_address>
         <size>0x8d</size>
         <input_file_ref idref="fl-2"/>
      </object_component>
      <object_component id="oc-16d">
         <name>.debug_abbrev</name>
         <load_address>0x166</load_address>
         <run_address>0x166</run_address>
         <size>0x69</size>
         <input_file_ref idref="fl-2"/>
      </object_component>
      <object_component id="oc-ce">
         <name>.debug_abbrev</name>
         <load_address>0x1cf</load_address>
         <run_address>0x1cf</run_address>
         <size>0x1f</size>
         <input_file_ref idref="fl-2"/>
      </object_component>
      <object_component id="oc-1c1">
         <name>.debug_abbrev</name>
         <load_address>0x1ee</load_address>
         <run_address>0x1ee</run_address>
         <size>0x5c</size>
         <input_file_ref idref="fl-2"/>
      </object_component>
      <object_component id="oc-172">
         <name>.debug_abbrev</name>
         <load_address>0x24a</load_address>
         <run_address>0x24a</run_address>
         <size>0x24</size>
         <input_file_ref idref="fl-2"/>
      </object_component>
      <object_component id="oc-1c">
         <name>.debug_abbrev</name>
         <load_address>0x26e</load_address>
         <run_address>0x26e</run_address>
         <size>0x1f</size>
         <input_file_ref idref="fl-3"/>
      </object_component>
      <object_component id="oc-168">
         <name>.debug_abbrev</name>
         <load_address>0x28d</load_address>
         <run_address>0x28d</run_address>
         <size>0x7a</size>
         <input_file_ref idref="fl-4"/>
      </object_component>
      <object_component id="oc-1e7">
         <name>.debug_abbrev</name>
         <load_address>0x307</load_address>
         <run_address>0x307</run_address>
         <size>0x72</size>
         <input_file_ref idref="fl-9"/>
      </object_component>
      <object_component id="oc-1eb">
         <name>.debug_abbrev</name>
         <load_address>0x379</load_address>
         <run_address>0x379</run_address>
         <size>0x27</size>
         <input_file_ref idref="fl-9"/>
      </object_component>
      <object_component id="oc-1a5">
         <name>.debug_abbrev</name>
         <load_address>0x3a0</load_address>
         <run_address>0x3a0</run_address>
         <size>0x6c</size>
         <input_file_ref idref="fl-9"/>
      </object_component>
      <object_component id="oc-1e9">
         <name>.debug_abbrev</name>
         <load_address>0x40c</load_address>
         <run_address>0x40c</run_address>
         <size>0x6c</size>
         <input_file_ref idref="fl-9"/>
      </object_component>
      <object_component id="oc-1ea">
         <name>.debug_abbrev</name>
         <load_address>0x478</load_address>
         <run_address>0x478</run_address>
         <size>0x6c</size>
         <input_file_ref idref="fl-9"/>
      </object_component>
      <object_component id="oc-1b5">
         <name>.debug_abbrev</name>
         <load_address>0x4e4</load_address>
         <run_address>0x4e4</run_address>
         <size>0x6c</size>
         <input_file_ref idref="fl-9"/>
      </object_component>
      <object_component id="oc-1be">
         <name>.debug_abbrev</name>
         <load_address>0x550</load_address>
         <run_address>0x550</run_address>
         <size>0x7a</size>
         <input_file_ref idref="fl-9"/>
      </object_component>
      <object_component id="oc-1b9">
         <name>.debug_abbrev</name>
         <load_address>0x5ca</load_address>
         <run_address>0x5ca</run_address>
         <size>0x6c</size>
         <input_file_ref idref="fl-9"/>
      </object_component>
      <object_component id="oc-115">
         <name>.debug_abbrev</name>
         <load_address>0x636</load_address>
         <run_address>0x636</run_address>
         <size>0x35</size>
         <input_file_ref idref="fl-9"/>
      </object_component>
      <object_component id="oc-120">
         <name>.debug_abbrev</name>
         <load_address>0x66b</load_address>
         <run_address>0x66b</run_address>
         <size>0x60</size>
         <input_file_ref idref="fl-a"/>
      </object_component>
      <object_component id="oc-1e5">
         <name>.debug_abbrev</name>
         <load_address>0x6cb</load_address>
         <run_address>0x6cb</run_address>
         <size>0x5e</size>
         <input_file_ref idref="fl-b"/>
      </object_component>
      <object_component id="oc-1a3">
         <name>.debug_abbrev</name>
         <load_address>0x729</load_address>
         <run_address>0x729</run_address>
         <size>0x6c</size>
         <input_file_ref idref="fl-b"/>
      </object_component>
      <object_component id="oc-1bc">
         <name>.debug_abbrev</name>
         <load_address>0x795</load_address>
         <run_address>0x795</run_address>
         <size>0x6c</size>
         <input_file_ref idref="fl-b"/>
      </object_component>
      <object_component id="oc-1bb">
         <name>.debug_abbrev</name>
         <load_address>0x801</load_address>
         <run_address>0x801</run_address>
         <size>0x6c</size>
         <input_file_ref idref="fl-b"/>
      </object_component>
      <object_component id="oc-1bd">
         <name>.debug_abbrev</name>
         <load_address>0x86d</load_address>
         <run_address>0x86d</run_address>
         <size>0x6c</size>
         <input_file_ref idref="fl-b"/>
      </object_component>
      <object_component id="oc-1ba">
         <name>.debug_abbrev</name>
         <load_address>0x8d9</load_address>
         <run_address>0x8d9</run_address>
         <size>0x6c</size>
         <input_file_ref idref="fl-b"/>
      </object_component>
      <object_component id="oc-19c">
         <name>.debug_abbrev</name>
         <load_address>0x945</load_address>
         <run_address>0x945</run_address>
         <size>0xb0</size>
         <input_file_ref idref="fl-c"/>
      </object_component>
      <object_component id="oc-197">
         <name>.debug_abbrev</name>
         <load_address>0x9f5</load_address>
         <run_address>0x9f5</run_address>
         <size>0x27</size>
         <input_file_ref idref="fl-c"/>
      </object_component>
      <object_component id="oc-1a8">
         <name>.debug_abbrev</name>
         <load_address>0xa1c</load_address>
         <run_address>0xa1c</run_address>
         <size>0x6c</size>
         <input_file_ref idref="fl-c"/>
      </object_component>
      <object_component id="oc-1a7">
         <name>.debug_abbrev</name>
         <load_address>0xa88</load_address>
         <run_address>0xa88</run_address>
         <size>0x6c</size>
         <input_file_ref idref="fl-c"/>
      </object_component>
      <object_component id="oc-124">
         <name>.debug_abbrev</name>
         <load_address>0xaf4</load_address>
         <run_address>0xaf4</run_address>
         <size>0x7a</size>
         <input_file_ref idref="fl-c"/>
      </object_component>
      <object_component id="oc-112">
         <name>.debug_abbrev</name>
         <load_address>0xb6e</load_address>
         <run_address>0xb6e</run_address>
         <size>0x60</size>
         <input_file_ref idref="fl-c"/>
      </object_component>
      <object_component id="oc-1a0">
         <name>.debug_abbrev</name>
         <load_address>0xbce</load_address>
         <run_address>0xbce</run_address>
         <size>0x49</size>
         <input_file_ref idref="fl-c"/>
      </object_component>
      <object_component id="oc-199">
         <name>.debug_abbrev</name>
         <load_address>0xc17</load_address>
         <run_address>0xc17</run_address>
         <size>0x5e</size>
         <input_file_ref idref="fl-d"/>
      </object_component>
      <object_component id="oc-123">
         <name>.debug_abbrev</name>
         <load_address>0xc75</load_address>
         <run_address>0xc75</run_address>
         <size>0x52</size>
         <input_file_ref idref="fl-d"/>
      </object_component>
      <object_component id="oc-118">
         <name>.debug_abbrev</name>
         <load_address>0xcc7</load_address>
         <run_address>0xcc7</run_address>
         <size>0x6c</size>
         <input_file_ref idref="fl-d"/>
      </object_component>
      <object_component id="oc-121">
         <name>.debug_abbrev</name>
         <load_address>0xd33</load_address>
         <run_address>0xd33</run_address>
         <size>0x50</size>
         <input_file_ref idref="fl-d"/>
      </object_component>
      <object_component id="oc-122">
         <name>.debug_abbrev</name>
         <load_address>0xd83</load_address>
         <run_address>0xd83</run_address>
         <size>0x50</size>
         <input_file_ref idref="fl-d"/>
      </object_component>
      <object_component id="oc-19b">
         <name>.debug_abbrev</name>
         <load_address>0xdd3</load_address>
         <run_address>0xdd3</run_address>
         <size>0x52</size>
         <input_file_ref idref="fl-e"/>
      </object_component>
      <object_component id="oc-90">
         <name>.debug_abbrev</name>
         <load_address>0xe25</load_address>
         <run_address>0xe25</run_address>
         <size>0x5d</size>
         <input_file_ref idref="fl-c4"/>
      </object_component>
      <object_component id="oc-5f">
         <name>.debug_abbrev</name>
         <load_address>0xe82</load_address>
         <run_address>0xe82</run_address>
         <size>0x6f</size>
         <input_file_ref idref="fl-c4"/>
      </object_component>
      <object_component id="oc-62">
         <name>.debug_abbrev</name>
         <load_address>0xef1</load_address>
         <run_address>0xef1</run_address>
         <size>0x24</size>
         <input_file_ref idref="fl-c4"/>
      </object_component>
      <object_component id="oc-8d">
         <name>.debug_abbrev</name>
         <load_address>0xf15</load_address>
         <run_address>0xf15</run_address>
         <size>0x24</size>
         <input_file_ref idref="fl-c4"/>
      </object_component>
      <object_component id="oc-5d">
         <name>.debug_abbrev</name>
         <load_address>0xf39</load_address>
         <run_address>0xf39</run_address>
         <size>0x37</size>
         <input_file_ref idref="fl-c5"/>
      </object_component>
      <object_component id="oc-24">
         <name>.debug_abbrev</name>
         <load_address>0xf70</load_address>
         <run_address>0xf70</run_address>
         <size>0x74</size>
         <input_file_ref idref="fl-c5"/>
      </object_component>
      <object_component id="oc-27">
         <name>.debug_abbrev</name>
         <load_address>0xfe4</load_address>
         <run_address>0xfe4</run_address>
         <size>0x24</size>
         <input_file_ref idref="fl-c5"/>
      </object_component>
      <object_component id="oc-5a">
         <name>.debug_abbrev</name>
         <load_address>0x1008</load_address>
         <run_address>0x1008</run_address>
         <size>0x24</size>
         <input_file_ref idref="fl-c5"/>
      </object_component>
      <object_component id="oc-89">
         <name>.debug_abbrev</name>
         <load_address>0x102c</load_address>
         <run_address>0x102c</run_address>
         <size>0x37</size>
         <input_file_ref idref="fl-c6"/>
      </object_component>
      <object_component id="oc-14">
         <name>.debug_abbrev</name>
         <load_address>0x1063</load_address>
         <run_address>0x1063</run_address>
         <size>0x6f</size>
         <input_file_ref idref="fl-c6"/>
      </object_component>
      <object_component id="oc-17">
         <name>.debug_abbrev</name>
         <load_address>0x10d2</load_address>
         <run_address>0x10d2</run_address>
         <size>0x24</size>
         <input_file_ref idref="fl-c6"/>
      </object_component>
      <object_component id="oc-86">
         <name>.debug_abbrev</name>
         <load_address>0x10f6</load_address>
         <run_address>0x10f6</run_address>
         <size>0x35</size>
         <input_file_ref idref="fl-c6"/>
      </object_component>
      <object_component id="oc-53">
         <name>.debug_abbrev</name>
         <load_address>0x112b</load_address>
         <run_address>0x112b</run_address>
         <size>0x24</size>
         <input_file_ref idref="fl-c6"/>
      </object_component>
      <object_component id="oc-4f">
         <name>.debug_abbrev</name>
         <load_address>0x114f</load_address>
         <run_address>0x114f</run_address>
         <size>0x29</size>
         <input_file_ref idref="fl-c7"/>
      </object_component>
      <object_component id="oc-7b">
         <name>.debug_abbrev</name>
         <load_address>0x1178</load_address>
         <run_address>0x1178</run_address>
         <size>0x55</size>
         <input_file_ref idref="fl-c7"/>
      </object_component>
      <object_component id="oc-57">
         <name>.debug_abbrev</name>
         <load_address>0x11cd</load_address>
         <run_address>0x11cd</run_address>
         <size>0x3e</size>
         <input_file_ref idref="fl-c8"/>
      </object_component>
      <object_component id="oc-1d2">
         <name>.debug_abbrev</name>
         <load_address>0x120b</load_address>
         <run_address>0x120b</run_address>
         <size>0xc0</size>
         <input_file_ref idref="fl-ca"/>
      </object_component>
      <object_component id="oc-181">
         <name>.debug_abbrev</name>
         <load_address>0x12cb</load_address>
         <run_address>0x12cb</run_address>
         <size>0x7e</size>
         <input_file_ref idref="fl-ca"/>
      </object_component>
      <object_component id="oc-1d6">
         <name>.debug_abbrev</name>
         <load_address>0x1349</load_address>
         <run_address>0x1349</run_address>
         <size>0x24</size>
         <input_file_ref idref="fl-ca"/>
      </object_component>
      <object_component id="oc-1f2">
         <name>.debug_abbrev</name>
         <load_address>0x136d</load_address>
         <run_address>0x136d</run_address>
         <size>0x24</size>
         <input_file_ref idref="fl-ca"/>
      </object_component>
      <object_component id="oc-1db">
         <name>.debug_abbrev</name>
         <load_address>0x1391</load_address>
         <run_address>0x1391</run_address>
         <size>0x24</size>
         <input_file_ref idref="fl-ca"/>
      </object_component>
      <object_component id="oc-1e0">
         <name>.debug_abbrev</name>
         <load_address>0x13b5</load_address>
         <run_address>0x13b5</run_address>
         <size>0x4b</size>
         <input_file_ref idref="fl-ca"/>
      </object_component>
      <object_component id="oc-93">
         <name>.debug_abbrev</name>
         <load_address>0x1400</load_address>
         <run_address>0x1400</run_address>
         <size>0x55</size>
         <input_file_ref idref="fl-cb"/>
      </object_component>
      <object_component id="oc-177">
         <name>.debug_abbrev</name>
         <load_address>0x1455</load_address>
         <run_address>0x1455</run_address>
         <size>0x45</size>
         <input_file_ref idref="fl-cd"/>
      </object_component>
      <object_component id="oc-240">
         <name>.debug_abbrev</name>
         <load_address>0x149a</load_address>
         <run_address>0x149a</run_address>
         <size>0xf</size>
      </object_component>
      <object_component id="oc-16f">
         <name>.debug_str</name>
         <load_address>0x0</load_address>
         <run_address>0x0</run_address>
         <size>0x2b2</size>
         <input_file_ref idref="fl-2"/>
      </object_component>
      <object_component id="oc-d0">
         <name>.debug_str</name>
         <load_address>0x2b2</load_address>
         <run_address>0x2b2</run_address>
         <size>0xfe</size>
         <input_file_ref idref="fl-2"/>
      </object_component>
      <object_component id="oc-1c3">
         <name>.debug_str</name>
         <load_address>0x3b0</load_address>
         <run_address>0x3b0</run_address>
         <size>0x341</size>
         <input_file_ref idref="fl-2"/>
      </object_component>
      <object_component id="oc-174">
         <name>.debug_str</name>
         <load_address>0x6f1</load_address>
         <run_address>0x6f1</run_address>
         <size>0x14a</size>
         <input_file_ref idref="fl-2"/>
      </object_component>
      <object_component id="oc-1e">
         <name>.debug_str</name>
         <load_address>0x83b</load_address>
         <run_address>0x83b</run_address>
         <size>0xfe</size>
         <input_file_ref idref="fl-3"/>
      </object_component>
      <object_component id="oc-117">
         <name>.debug_str</name>
         <load_address>0x939</load_address>
         <run_address>0x939</run_address>
         <size>0x241</size>
         <input_file_ref idref="fl-9"/>
      </object_component>
      <object_component id="oc-1a2">
         <name>.debug_str</name>
         <load_address>0xb7a</load_address>
         <run_address>0xb7a</run_address>
         <size>0x141</size>
         <input_file_ref idref="fl-c"/>
      </object_component>
      <object_component id="oc-64">
         <name>.debug_str</name>
         <load_address>0xcbb</load_address>
         <run_address>0xcbb</run_address>
         <size>0x104</size>
         <input_file_ref idref="fl-c4"/>
      </object_component>
      <object_component id="oc-8f">
         <name>.debug_str</name>
         <load_address>0xdbf</load_address>
         <run_address>0xdbf</run_address>
         <size>0x13d</size>
         <input_file_ref idref="fl-c4"/>
      </object_component>
      <object_component id="oc-29">
         <name>.debug_str</name>
         <load_address>0xefc</load_address>
         <run_address>0xefc</run_address>
         <size>0x10a</size>
         <input_file_ref idref="fl-c5"/>
      </object_component>
      <object_component id="oc-5c">
         <name>.debug_str</name>
         <load_address>0x1006</load_address>
         <run_address>0x1006</run_address>
         <size>0x13d</size>
         <input_file_ref idref="fl-c5"/>
      </object_component>
      <object_component id="oc-19">
         <name>.debug_str</name>
         <load_address>0x1143</load_address>
         <run_address>0x1143</run_address>
         <size>0x117</size>
         <input_file_ref idref="fl-c6"/>
      </object_component>
      <object_component id="oc-88">
         <name>.debug_str</name>
         <load_address>0x125a</load_address>
         <run_address>0x125a</run_address>
         <size>0x168</size>
         <input_file_ref idref="fl-c6"/>
      </object_component>
      <object_component id="oc-55">
         <name>.debug_str</name>
         <load_address>0x13c2</load_address>
         <run_address>0x13c2</run_address>
         <size>0x155</size>
         <input_file_ref idref="fl-c6"/>
      </object_component>
      <object_component id="oc-1d8">
         <name>.debug_str</name>
         <load_address>0x1517</load_address>
         <run_address>0x1517</run_address>
         <size>0xec</size>
         <input_file_ref idref="fl-ca"/>
      </object_component>
      <object_component id="oc-1f4">
         <name>.debug_str</name>
         <load_address>0x1603</load_address>
         <run_address>0x1603</run_address>
         <size>0x154</size>
         <input_file_ref idref="fl-ca"/>
      </object_component>
      <object_component id="oc-1dd">
         <name>.debug_str</name>
         <load_address>0x1757</load_address>
         <run_address>0x1757</run_address>
         <size>0x14d</size>
         <input_file_ref idref="fl-ca"/>
      </object_component>
      <object_component id="oc-1e2">
         <name>.debug_str</name>
         <load_address>0x18a4</load_address>
         <run_address>0x18a4</run_address>
         <size>0x194</size>
         <input_file_ref idref="fl-ca"/>
      </object_component>
      <object_component id="oc-74">
         <name>.debug_aranges</name>
         <load_address>0x0</load_address>
         <run_address>0x0</run_address>
         <size>0x30</size>
         <input_file_ref idref="fl-2"/>
      </object_component>
      <object_component id="oc-c1">
         <name>.debug_aranges</name>
         <load_address>0x30</load_address>
         <run_address>0x30</run_address>
         <size>0x58</size>
         <input_file_ref idref="fl-4"/>
      </object_component>
      <object_component id="oc-12e">
         <name>.debug_aranges</name>
         <load_address>0x88</load_address>
         <run_address>0x88</run_address>
         <size>0x20</size>
         <input_file_ref idref="fl-9"/>
      </object_component>
      <object_component id="oc-1ab">
         <name>.debug_aranges</name>
         <load_address>0xa8</load_address>
         <run_address>0xa8</run_address>
         <size>0x20</size>
         <input_file_ref idref="fl-9"/>
      </object_component>
      <object_component id="oc-1b1">
         <name>.debug_aranges</name>
         <load_address>0xc8</load_address>
         <run_address>0xc8</run_address>
         <size>0x20</size>
         <input_file_ref idref="fl-9"/>
      </object_component>
      <object_component id="oc-140">
         <name>.debug_aranges</name>
         <load_address>0xe8</load_address>
         <run_address>0xe8</run_address>
         <size>0x20</size>
         <input_file_ref idref="fl-9"/>
      </object_component>
      <object_component id="oc-164">
         <name>.debug_aranges</name>
         <load_address>0x108</load_address>
         <run_address>0x108</run_address>
         <size>0x20</size>
         <input_file_ref idref="fl-9"/>
      </object_component>
      <object_component id="oc-146">
         <name>.debug_aranges</name>
         <load_address>0x128</load_address>
         <run_address>0x128</run_address>
         <size>0x20</size>
         <input_file_ref idref="fl-9"/>
      </object_component>
      <object_component id="oc-a4">
         <name>.debug_aranges</name>
         <load_address>0x148</load_address>
         <run_address>0x148</run_address>
         <size>0x20</size>
         <input_file_ref idref="fl-a"/>
      </object_component>
      <object_component id="oc-128">
         <name>.debug_aranges</name>
         <load_address>0x168</load_address>
         <run_address>0x168</run_address>
         <size>0x20</size>
         <input_file_ref idref="fl-b"/>
      </object_component>
      <object_component id="oc-159">
         <name>.debug_aranges</name>
         <load_address>0x188</load_address>
         <run_address>0x188</run_address>
         <size>0x20</size>
         <input_file_ref idref="fl-b"/>
      </object_component>
      <object_component id="oc-153">
         <name>.debug_aranges</name>
         <load_address>0x1a8</load_address>
         <run_address>0x1a8</run_address>
         <size>0x20</size>
         <input_file_ref idref="fl-b"/>
      </object_component>
      <object_component id="oc-15e">
         <name>.debug_aranges</name>
         <load_address>0x1c8</load_address>
         <run_address>0x1c8</run_address>
         <size>0x20</size>
         <input_file_ref idref="fl-b"/>
      </object_component>
      <object_component id="oc-14d">
         <name>.debug_aranges</name>
         <load_address>0x1e8</load_address>
         <run_address>0x1e8</run_address>
         <size>0x20</size>
         <input_file_ref idref="fl-b"/>
      </object_component>
      <object_component id="oc-13b">
         <name>.debug_aranges</name>
         <load_address>0x208</load_address>
         <run_address>0x208</run_address>
         <size>0x20</size>
         <input_file_ref idref="fl-c"/>
      </object_component>
      <object_component id="oc-135">
         <name>.debug_aranges</name>
         <load_address>0x228</load_address>
         <run_address>0x228</run_address>
         <size>0x20</size>
         <input_file_ref idref="fl-c"/>
      </object_component>
      <object_component id="oc-ba">
         <name>.debug_aranges</name>
         <load_address>0x248</load_address>
         <run_address>0x248</run_address>
         <size>0x20</size>
         <input_file_ref idref="fl-c"/>
      </object_component>
      <object_component id="oc-96">
         <name>.debug_aranges</name>
         <load_address>0x268</load_address>
         <run_address>0x268</run_address>
         <size>0x20</size>
         <input_file_ref idref="fl-c"/>
      </object_component>
      <object_component id="oc-b4">
         <name>.debug_aranges</name>
         <load_address>0x288</load_address>
         <run_address>0x288</run_address>
         <size>0x20</size>
         <input_file_ref idref="fl-d"/>
      </object_component>
      <object_component id="oc-9d">
         <name>.debug_aranges</name>
[...]
            <object_component_ref idref="oc-93"/>
            <object_component_ref idref="oc-177"/>
            <object_component_ref idref="oc-240"/>
         </contents>
      </logical_group>
      <logical_group id="lg-214" display="never" color="cyan">
         <name>.debug_str</name>
         <load_address>0x0</load_address>
         <run_address>0x0</run_address>
         <size>0x1a38</size>
         <contents>
            <object_component_ref idref="oc-16f"/>
            <object_component_ref idref="oc-d0"/>
            <object_component_ref idref="oc-1c3"/>
            <object_component_ref idref="oc-174"/>
            <object_component_ref idref="oc-1e"/>
            <object_component_ref idref="oc-117"/>
            <object_component_ref idref="oc-1a2"/>
            <object_component_ref idref="oc-64"/>
            <object_component_ref idref="oc-8f"/>
            <object_component_ref idref="oc-29"/>
            <object_component_ref idref="oc-5c"/>
            <object_component_ref idref="oc-19"/>
            <object_component_ref idref="oc-88"/>
            <object_component_ref idref="oc-55"/>
            <object_component_ref idref="oc-1d8"/>
            <object_component_ref idref="oc-1f4"/>
            <object_component_ref idref="oc-1dd"/>
            <object_component_ref idref="oc-1e2"/>
         </contents>
      </logical_group>
      <logical_group id="lg-216" display="never" color="cyan">
         <name>.debug_aranges</name>
         <load_address>0x0</load_address>
         <run_address>0x0</run_address>
         <size>0x428</size>
         <contents>
            <object_component_ref idref="oc-74"/>
            <object_component_ref idref="oc-c1"/>
            <object_component_ref idref="oc-12e"/>
            <object_component_ref idref="oc-1ab"/>
            <object_component_ref idref="oc-1b1"/>
            <object_component_ref idref="oc-140"/>
            <object_component_ref idref="oc-164"/>
            <object_component_ref idref="oc-146"/>
            <object_component_ref idref="oc-a4"/>
            <object_component_ref idref="oc-128"/>
            <object_component_ref idref="oc-159"/>
            <object_component_ref idref="oc-153"/>
            <object_component_ref idref="oc-15e"/>
            <object_component_ref idref="oc-14d"/>
            <object_component_ref idref="oc-13b"/>
            <object_component_ref idref="oc-135"/>
            <object_component_ref idref="oc-ba"/>
            <object_component_ref idref="oc-96"/>
            <object_component_ref idref="oc-b4"/>
            <object_component_ref idref="oc-9d"/>
            <object_component_ref idref="oc-a9"/>
            <object_component_ref idref="oc-af"/>
            <object_component_ref idref="oc-11d"/>
            <object_component_ref idref="oc-2d"/>
            <object_component_ref idref="oc-b"/>
            <object_component_ref idref="oc-8"/>
            <object_component_ref idref="oc-40"/>
            <object_component_ref idref="oc-21"/>
            <object_component_ref idref="oc-df"/>
            <object_component_ref idref="oc-6e"/>
            <object_component_ref idref="oc-d4"/>
         </contents>
      </logical_group>
      <logical_group id="lg-218" display="never" color="cyan">
         <name>.debug_pubnames</name>
         <load_address>0x0</load_address>
         <run_address>0x0</run_address>
         <size>0x5d2</size>
         <contents>
            <object_component_ref idref="oc-c7"/>
            <object_component_ref idref="oc-ca"/>
            <object_component_ref idref="oc-75"/>
            <object_component_ref idref="oc-c2"/>
            <object_component_ref idref="oc-1b8"/>
            <object_component_ref idref="oc-12f"/>
            <object_component_ref idref="oc-1ac"/>
            <object_component_ref idref="oc-1b2"/>
            <object_component_ref idref="oc-141"/>
            <object_component_ref idref="oc-165"/>
            <object_component_ref idref="oc-147"/>
            <object_component_ref idref="oc-a3"/>
            <object_component_ref idref="oc-129"/>
            <object_component_ref idref="oc-158"/>
            <object_component_ref idref="oc-152"/>
            <object_component_ref idref="oc-15f"/>
            <object_component_ref idref="oc-14e"/>
            <object_component_ref idref="oc-111"/>
            <object_component_ref idref="oc-13c"/>
            <object_component_ref idref="oc-136"/>
            <object_component_ref idref="oc-bb"/>
            <object_component_ref idref="oc-97"/>
            <object_component_ref idref="oc-b5"/>
            <object_component_ref idref="oc-9c"/>
            <object_component_ref idref="oc-aa"/>
            <object_component_ref idref="oc-ae"/>
            <object_component_ref idref="oc-11c"/>
            <object_component_ref idref="oc-30"/>
            <object_component_ref idref="oc-e"/>
            <object_component_ref idref="oc-7"/>
            <object_component_ref idref="oc-13"/>
            <object_component_ref idref="oc-42"/>
            <object_component_ref idref="oc-22"/>
            <object_component_ref idref="oc-e0"/>
            <object_component_ref idref="oc-6f"/>
            <object_component_ref idref="oc-d3"/>
         </contents>
      </logical_group>
      <logical_group id="lg-21a" display="never" color="cyan">
         <name>.debug_pubtypes</name>
         <load_address>0x0</load_address>
         <run_address>0x0</run_address>
         <size>0xc87</size>
         <contents>
            <object_component_ref idref="oc-16c"/>
            <object_component_ref idref="oc-cd"/>
            <object_component_ref idref="oc-1c0"/>
            <object_component_ref idref="oc-171"/>
            <object_component_ref idref="oc-1b"/>
            <object_component_ref idref="oc-114"/>
            <object_component_ref idref="oc-19f"/>
            <object_component_ref idref="oc-61"/>
            <object_component_ref idref="oc-8c"/>
            <object_component_ref idref="oc-26"/>
            <object_component_ref idref="oc-59"/>
            <object_component_ref idref="oc-16"/>
            <object_component_ref idref="oc-85"/>
            <object_component_ref idref="oc-52"/>
            <object_component_ref idref="oc-1d5"/>
            <object_component_ref idref="oc-1f1"/>
            <object_component_ref idref="oc-1da"/>
            <object_component_ref idref="oc-1df"/>
         </contents>
      </logical_group>
      <logical_group id="lg-21e" display="no" color="cyan">
         <name>.stack</name>
         <run_address>0x9a8</run_address>
         <size>0x200</size>
         <contents>
            <object_component_ref idref="oc-11"/>
            <object_component_ref idref="oc-22a"/>
         </contents>
      </logical_group>
      <load_segment id="lg-245" display="no" color="cyan">
         <name>SEGMENT_0</name>
         <load_address>0x20</load_address>
         <run_address>0x20</run_address>
         <size>0x980</size>
         <flags>0x5</flags>
         <contents>
            <logical_group_ref idref="lg-1fc"/>
            <logical_group_ref idref="lg-1fd"/>
         </contents>
      </load_segment>
      <load_segment id="lg-246" display="no" color="cyan">
         <name>SEGMENT_1</name>
         <run_address>0x9a0</run_address>
         <size>0x208</size>
         <flags>0x6</flags>
         <contents>
            <logical_group_ref idref="lg-1ff"/>
            <logical_group_ref idref="lg-1fe"/>
            <logical_group_ref idref="lg-21e"/>
         </contents>
      </load_segment>
      <load_segment id="lg-247" display="no" color="cyan">
         <name>SEGMENT_2</name>
         <load_address>0xba8</load_address>
         <run_address>0xba8</run_address>
         <size>0x30</size>
         <flags>0x4</flags>
         <contents>
            <logical_group_ref idref="lg-200"/>
         </contents>
      </load_segment>
   </logical_group_list>
   <placement_map>
      <memory_area display="yes" color="green">
         <name>RAM</name>
         <page_id>0x0</page_id>
         <origin>0x20</origin>
         <length>0xffffffe0</length>
         <used_space>0xbb8</used_space>
         <unused_space>0xfffff428</unused_space>
         <attributes>RWIX</attributes>
         <usage_details>
            <allocated_space>
               <start_address>0x20</start_address>
               <size>0x884</size>
               <logical_group_ref idref="lg-1fc"/>
            </allocated_space>
            <allocated_space>
               <start_address>0x8a4</start_address>
               <size>0xfc</size>
               <logical_group_ref idref="lg-1fd"/>
            </allocated_space>
            <allocated_space>
               <start_address>0x9a0</start_address>
               <size>0x4</size>
               <logical_group_ref idref="lg-1ff"/>
            </allocated_space>
            <allocated_space>
               <start_address>0x9a4</start_address>
               <size>0x4</size>
               <logical_group_ref idref="lg-1fe"/>
            </allocated_space>
            <allocated_space>
               <start_address>0x9a8</start_address>
               <size>0x200</size>
               <logical_group_ref idref="lg-21e"/>
            </allocated_space>
            <allocated_space>
               <start_address>0xba8</start_address>
               <size>0x30</size>
               <logical_group_ref idref="lg-200"/>
            </allocated_space>
            <available_space>
               <start_address>0xbd8</start_address>
               <size>0xfffff428</size>
            </available_space>
         </usage_details>
      </memory_area>
   </placement_map>
   <cptbl_list>
      <cptbl>
         <name>__TI_cinit_table</name>
         <cprec>
            <name>.bss</name>
            <load_address>0xbb8</load_address>
            <load_size>0x8</load_size>
            <run_address>0x9a0</run_address>
            <run_size>0x4</run_size>
            <compression>zero_init</compression>
         </cprec>
         <cprec>
            <name>.data</name>
            <load_address>0xbc0</load_address>
            <load_size>0x8</load_size>
            <run_address>0x9a4</run_address>
            <run_size>0x4</run_size>
            <compression>lzss</compression>
         </cprec>
      </cptbl>
   </cptbl_list>
   <handler_table>
      <handler_table_name>__TI_handler_table</handler_table_name>
      <handler>
         <index>0x0</index>
         <name>__TI_decompress_lzss</name>
      </handler>
      <handler>
         <index>0x1</index>
         <name>__TI_decompress_none</name>
      </handler>
      <handler>
         <index>0x2</index>
         <name>__TI_zero_init</name>
      </handler>
   </handler_table>
   <symbol_table>
      <symbol id="sm-1">
         <name>__TI_CINIT_Base</name>
         <value>0xbc8</value>
      </symbol>
      <symbol id="sm-2">
         <name>__TI_CINIT_Limit</name>
         <value>0xbd8</value>
      </symbol>
      <symbol id="sm-3">
         <name>__TI_Handler_Table_Base</name>
         <value>0xba8</value>
      </symbol>
      <symbol id="sm-4">
         <name>__TI_Handler_Table_Limit</name>
         <value>0xbb4</value>
      </symbol>
      <symbol id="sm-5">
         <name>binit</name>
         <value>0xffffffff</value>
      </symbol>
      <symbol id="sm-6">
         <name>__binit__</name>
         <value>0xffffffff</value>
      </symbol>
      <symbol id="sm-7">
         <name>__STACK_SIZE</name>
         <value>0x200</value>
      </symbol>
      <symbol id="sm-8">
         <name>__STACK_END</name>
         <value>0xba8</value>
      </symbol>
      <symbol id="sm-9">
         <name>__c_args__</name>
         <value>0xffffffff</value>
      </symbol>
      <symbol id="sm-a">
         <name>__TI_pprof_out_hndl</name>
         <value>0xffffffff</value>
      </symbol>
      <symbol id="sm-b">
         <name>__TI_prof_data_start</name>
         <value>0xffffffff</value>
      </symbol>
      <symbol id="sm-c">
         <name>__TI_prof_data_size</name>
         <value>0xffffffff</value>
      </symbol>
      <symbol id="sm-4e">
         <name>sys_value</name>
         <value>0x9a0</value>
      </symbol>
      <symbol id="sm-4f">
         <name>SysTickIntHandler</name>
         <value>0x565</value>
         <object_component_ref idref="oc-72"/>
      </symbol>
      <symbol id="sm-50">
         <name>speed</name>
         <value>0x9a4</value>
         <object_component_ref idref="oc-c8"/>
      </symbol>
      <symbol id="sm-51">
         <name>main</name>
         <value>0x571</value>
         <object_component_ref idref="oc-72"/>
      </symbol>
      <symbol id="sm-52">
         <name>SysTickConfig</name>
         <value>0x54d</value>
         <object_component_ref idref="oc-72"/>
      </symbol>
      <symbol id="sm-76">
         <name>PWM_Config</name>
         <value>0xe1</value>
         <object_component_ref idref="oc-be"/>
      </symbol>
      <symbol id="sm-77">
         <name>motorB_run</name>
         <value>0x83</value>
         <object_component_ref idref="oc-be"/>
      </symbol>
      <symbol id="sm-78">
         <name>setSpeed_A</name>
         <value>0x21</value>
         <object_component_ref idref="oc-be"/>
      </symbol>
      <symbol id="sm-79">
         <name>setSpeed_B</name>
         <value>0x31</value>
         <object_component_ref idref="oc-be"/>
      </symbol>
      <symbol id="sm-7a">
         <name>MOTOR_Config</name>
         <value>0x147</value>
         <object_component_ref idref="oc-be"/>
      </symbol>
      <symbol id="sm-7b">
         <name>motorA_run</name>
         <value>0x41</value>
         <object_component_ref idref="oc-be"/>
      </symbol>
      <symbol id="sm-7c">
         <name>release_A</name>
         <value>0xc5</value>
         <object_component_ref idref="oc-be"/>
      </symbol>
      <symbol id="sm-7d">
         <name>release_B</name>
         <value>0xd3</value>
         <object_component_ref idref="oc-be"/>
      </symbol>
      <symbol id="sm-c4">
         <name>GPIOPinTypePWM</name>
         <value>0x809</value>
         <object_component_ref idref="oc-13e"/>
      </symbol>
      <symbol id="sm-c5">
         <name>GPIOPinConfigure</name>
         <value>0x639</value>
         <object_component_ref idref="oc-144"/>
      </symbol>
      <symbol id="sm-c6">
         <name>GPIOPinTypeGPIOOutput</name>
         <value>0x7b3</value>
         <object_component_ref idref="oc-162"/>
      </symbol>
      <symbol id="sm-c7">
         <name>GPIODirModeSet</name>
         <value>0x72d</value>
         <object_component_ref idref="oc-1a9"/>
      </symbol>
      <symbol id="sm-c8">
         <name>GPIOPinWrite</name>
         <value>0x891</value>
         <object_component_ref idref="oc-12c"/>
      </symbol>
      <symbol id="sm-c9">
         <name>GPIOPadConfigSet</name>
         <value>0x179</value>
         <object_component_ref idref="oc-1af"/>
      </symbol>
      <symbol id="sm-d4">
         <name>IntMasterEnable</name>
         <value>0x82d</value>
         <object_component_ref idref="oc-a0"/>
      </symbol>
      <symbol id="sm-101">
         <name>PWMGenPeriodSet</name>
         <value>0x83d</value>
         <object_component_ref idref="oc-150"/>
      </symbol>
      <symbol id="sm-102">
         <name>PWMPulseWidthSet</name>
         <value>0x779</value>
         <object_component_ref idref="oc-126"/>
      </symbol>
      <symbol id="sm-103">
         <name>PWMOutputState</name>
         <value>0x81b</value>
         <object_component_ref idref="oc-156"/>
      </symbol>
      <symbol id="sm-104">
         <name>PWMGenEnable</name>
         <value>0x877</value>
         <object_component_ref idref="oc-15c"/>
      </symbol>
      <symbol id="sm-105">
         <name>PWMGenConfigure</name>
         <value>0x757</value>
         <object_component_ref idref="oc-14a"/>
      </symbol>
      <symbol id="sm-161">
         <name>SysCtlClockSet</name>
         <value>0x3bd</value>
         <object_component_ref idref="oc-b8"/>
      </symbol>
      <symbol id="sm-162">
         <name>SysCtlDelay</name>
         <value>0x897</value>
         <object_component_ref idref="oc-c4"/>
      </symbol>
      <symbol id="sm-163">
         <name>SysCtlPeripheralEnable</name>
         <value>0x6c5</value>
         <object_component_ref idref="oc-138"/>
      </symbol>
      <symbol id="sm-164">
         <name>SysCtlClockGet</name>
         <value>0x2ad</value>
         <object_component_ref idref="oc-94"/>
      </symbol>
      <symbol id="sm-165">
         <name>SysCtlPWMClockSet</name>
         <value>0x7cd</value>
         <object_component_ref idref="oc-132"/>
      </symbol>
      <symbol id="sm-192">
         <name>SysTickEnable</name>
         <value>0x7e1</value>
         <object_component_ref idref="oc-ac"/>
      </symbol>
      <symbol id="sm-193">
         <name>SysTickIntEnable</name>
         <value>0x7f5</value>
         <object_component_ref idref="oc-a6"/>
      </symbol>
      <symbol id="sm-194">
         <name>SysTickValueGet</name>
         <value>0x885</value>
         <object_component_ref idref="oc-b2"/>
      </symbol>
      <symbol id="sm-195">
         <name>SysTickPeriodSet</name>
         <value>0x84d</value>
         <object_component_ref idref="oc-9a"/>
      </symbol>
      <symbol id="sm-19f">
         <name>CPUcpsie</name>
         <value>0x86b</value>
         <object_component_ref idref="oc-11a"/>
      </symbol>
      <symbol id="sm-1b8">
         <name>__TI_zero_init_nomemset</name>
         <value>0x797</value>
         <object_component_ref idref="oc-2b"/>
      </symbol>
      <symbol id="sm-1cf">
         <name>__TI_decompress_none</name>
         <value>0x85d</value>
         <object_component_ref idref="oc-9"/>
      </symbol>
      <symbol id="sm-1f2">
         <name>__TI_decompress_lzss</name>
         <value>0x5d1</value>
         <object_component_ref idref="oc-3"/>
      </symbol>
      <symbol id="sm-205">
         <name>__stack</name>
         <value>0x9a8</value>
         <object_component_ref idref="oc-11"/>
      </symbol>
      <symbol id="sm-206">
         <name>_c_int00_noargs</name>
         <value>0x6f9</value>
         <object_component_ref idref="oc-3d"/>
      </symbol>
      <symbol id="sm-221">
         <name>memcpy</name>
         <value>0x4b1</value>
         <object_component_ref idref="oc-1f"/>
      </symbol>
      <symbol id="sm-222">
         <name>__aeabi_memcpy</name>
         <value>0x4b1</value>
         <object_component_ref idref="oc-1f"/>
      </symbol>
      <symbol id="sm-223">
         <name>__aeabi_memcpy8</name>
         <value>0x4b1</value>
         <object_component_ref idref="oc-1f"/>
      </symbol>
      <symbol id="sm-224">
         <name>__aeabi_memcpy4</name>
         <value>0x4b1</value>
         <object_component_ref idref="oc-1f"/>
      </symbol>
      <symbol id="sm-24d">
         <name>__TI_auto_init_nobinit_nopinit</name>
         <value>0x681</value>
         <object_component_ref idref="oc-dd"/>
      </symbol>
      <symbol id="sm-257">
         <name>_system_pre_init</name>
         <value>0x89d</value>
         <object_component_ref idref="oc-6c"/>
      </symbol>
      <symbol id="sm-263">
         <name>C$$EXIT</name>
         <value>0x8a1</value>
         <object_component_ref idref="oc-d1"/>
      </symbol>
      <symbol id="sm-264">
         <name>abort</name>
         <value>0x8a1</value>
         <object_component_ref idref="oc-d1"/>
      </symbol>
      <symbol id="sm-267">
         <name>__TI_static_base__</name>
         <value>0xba8</value>
      </symbol>
      <symbol id="sm-26a">
         <name>__mpu_init</name>
         <value>0x0</value>
      </symbol>
      <symbol id="sm-26b">
         <name>_system_post_cinit</name>
         <value>0x0</value>
      </symbol>
   </symbol_table>
   <title>Link successful</title>
</link_info>
