******************************************************************************
                  TI ARM Linker PC v18.1.5                     
******************************************************************************
>> Linked Tue May  7 13:38:04 2019

OUTPUT FILE NAME:   <[TIVA]-motor_control.out>
ENTRY POINT SYMBOL: "_c_int00_noinit_noargs"  address: 000006d9


MEMORY CONFIGURATION

         name            origin    length      used     unused   attr    fill
----------------------  --------  ---------  --------  --------  ----  --------
  FLASH                 00000000   00040000  00000890  0003f770  R  X
  SRAM                  20000000   00008000  00000200  00007e00  RW X


SEGMENT ALLOCATION MAP

run origin  load origin   length   init length attrs members
----------  ----------- ---------- ----------- ----- -------
00000000    00000000    00000890   00000890    r-x
  00000000    00000000    0000026c   0000026c    r-- .intvecs
  0000026c    0000026c    00000594   00000594    r-x .text
  00000800    00000800    00000090   00000090    r-- .const
20000000    20000000    00000200   00000000    rw-
  20000000    20000000    00000200   00000000    rw- .stack


SECTION ALLOCATION MAP

 output                                  attributes/
section   page    origin      length       input sections
--------  ----  ----------  ----------   ----------------
.intvecs   0    00000000    0000026c     
                  00000000    0000026c     tm4c123gh6pm_startup_ccs.obj (.intvecs)

.text      0    0000026c    00000594     
                  0000026c    0000015c     motor.obj (.text)
                  000003c8    00000132     driverlib.lib : gpio.obj (.text:GPIOPadConfigSet)
                  000004fa    00000002     --HOLE-- [fill = 0]
                  000004fc    000000f4                   : sysctl.obj (.text:SysCtlClockSet)
                  000005f0    0000006c     main.obj (.text)
                  0000065c    00000048     driverlib.lib : gpio.obj (.text:GPIOPinConfigure)
                  000006a4    00000034                   : sysctl.obj (.text:SysCtlPeripheralEnable)
                  000006d8    00000030     rtsv7M4_T_le_v4SPD16_eabi.lib : boot_cortex_m.c.obj (.text:_c_int00_noinit_noargs:_c_int00_noinit_noargs)
                  00000708    0000002a     driverlib.lib : gpio.obj (.text:GPIODirModeSet)
                  00000732    00000022                   : pwm.obj (.text:PWMGenConfigure)
                  00000754    0000001e                   : pwm.obj (.text:PWMPulseWidthSet)
                  00000772    00000018                   : gpio.obj (.text:GPIOPinTypeGPIOOutput)
                  0000078a    00000002     --HOLE-- [fill = 0]
                  0000078c    00000014                   : sysctl.obj (.text:SysCtlPWMClockSet)
                  000007a0    00000012                   : gpio.obj (.text:GPIOPinTypePWM)
                  000007b2    00000012                   : pwm.obj (.text:PWMOutputState)
                  000007c4    00000010                   : pwm.obj (.text:PWMGenPeriodSet)
                  000007d4    0000000c                   : pwm.obj (.text:PWMGenEnable)
                  000007e0    0000000c     tm4c123gh6pm_startup_ccs.obj (.text)
                  000007ec    00000006     driverlib.lib : gpio.obj (.text:GPIOPinWrite)
                  000007f2    00000006                   : sysctl.obj (.text:SysCtlDelay)
                  000007f8    00000004     rtsv7M4_T_le_v4SPD16_eabi.lib : pre_init.c.obj (.text:_system_pre_init)
                  000007fc    00000004                                   : exit.c.obj (.text:abort:abort)

.const     0    00000800    00000090     
                  00000800    00000090     driverlib.lib : gpio.obj (.const:g_pui32GPIOBaseAddrs)

.cinit     0    00000000    00000000     UNINITIALIZED

.init_array 
*          0    00000000    00000000     UNINITIALIZED

.stack     0    20000000    00000200     UNINITIALIZED
                  20000000    00000004     rtsv7M4_T_le_v4SPD16_eabi.lib : boot_cortex_m.c.obj (.stack)
                  20000004    000001fc     --HOLE--

MODULE SUMMARY

       Module                         code   ro data   rw data
       ------                         ----   -------   -------
    .\
       tm4c123gh6pm_startup_ccs.obj   12     620       0      
       main.obj                       108    0         0      
    +--+------------------------------+------+---------+---------+
       Total:                         120    620       0      
                                                              
    .\Motor\
       motor.obj                      348    0         0      
    +--+------------------------------+------+---------+---------+
       Total:                         348    0         0      
                                                              
    C:/ti/TivaWare_C_Series-2.1.4.178/driverlib/ccs/Debug/driverlib.lib
       gpio.obj                       468    144       0      
       sysctl.obj                     322    0         0      
       pwm.obj                        110    0         0      
    +--+------------------------------+------+---------+---------+
       Total:                         900    144       0      
                                                              
    C:\ti\ccsv8\tools\compiler\ti-cgt-arm_18.1.5.LTS\lib\rtsv7M4_T_le_v4SPD16_eabi.lib
       boot_cortex_m.c.obj            48     0         0      
       exit.c.obj                     4      0         0      
       pre_init.c.obj                 4      0         0      
    +--+------------------------------+------+---------+---------+
       Total:                         56     0         0      
                                                              
       Stack:                         0      0         512    
    +--+------------------------------+------+---------+---------+
       Grand Total:                   1424   764       512    


GLOBAL SYMBOLS: SORTED ALPHABETICALLY BY Name 

address   name                  
-------   ----                  
000007fd  C$$EXIT               
00000709  GPIODirModeSet        
000003c9  GPIOPadConfigSet      
0000065d  GPIOPinConfigure      
00000773  GPIOPinTypeGPIOOutput 
000007a1  GPIOPinTypePWM        
000007ed  GPIOPinWrite          
00000395  MOTOR_Config          
00000733  PWMGenConfigure       
000007d5  PWMGenEnable          
000007c5  PWMGenPeriodSet       
000007b3  PWMOutputState        
00000755  PWMPulseWidthSet      
0000032d  PWM_Config            
000007e1  ResetISR              
000004fd  SysCtlClockSet        
000007f3  SysCtlDelay           
0000078d  SysCtlPWMClockSet     
000006a5  SysCtlPeripheralEnable
20000200  __STACK_END           
00000200  __STACK_SIZE          
20000200  __STACK_TOP           
ffffffff  __TI_pprof_out_hndl   
ffffffff  __TI_prof_data_size   
ffffffff  __TI_prof_data_start  
00000000  __TI_static_base__    
ffffffff  __binit__             
ffffffff  __c_args__            
UNDEFED   __mpu_init            
20000000  __stack               
000006d9  _c_int00_noinit_noargs
000007f9  _system_pre_init      
000007fd  abort                 
ffffffff  binit                 
00000000  g_pfnVectors          
000005f1  main                  
0000028d  motorA_run            
000002cf  motorB_run            
00000311  release_A             
0000031f  release_B             
0000026d  setSpeed_A            
0000027d  setSpeed_B            


GLOBAL SYMBOLS: SORTED BY Symbol Address 

address   name                  
-------   ----                  
00000000  __TI_static_base__    
00000000  g_pfnVectors          
00000200  __STACK_SIZE          
0000026d  setSpeed_A            
0000027d  setSpeed_B            
0000028d  motorA_run            
000002cf  motorB_run            
00000311  release_A             
0000031f  release_B             
0000032d  PWM_Config            
00000395  MOTOR_Config          
000003c9  GPIOPadConfigSet      
000004fd  SysCtlClockSet        
000005f1  main                  
0000065d  GPIOPinConfigure      
000006a5  SysCtlPeripheralEnable
000006d9  _c_int00_noinit_noargs
00000709  GPIODirModeSet        
00000733  PWMGenConfigure       
00000755  PWMPulseWidthSet      
00000773  GPIOPinTypeGPIOOutput 
0000078d  SysCtlPWMClockSet     
000007a1  GPIOPinTypePWM        
000007b3  PWMOutputState        
000007c5  PWMGenPeriodSet       
000007d5  PWMGenEnable          
000007e1  ResetISR              
000007ed  GPIOPinWrite          
000007f3  SysCtlDelay           
000007f9  _system_pre_init      
000007fd  C$$EXIT               
000007fd  abort                 
20000000  __stack               
20000200  __STACK_END           
20000200  __STACK_TOP           
ffffffff  __TI_pprof_out_hndl   
ffffffff  __TI_prof_data_size   
ffffffff  __TI_prof_data_start  
ffffffff  __binit__             
ffffffff  __c_args__            
ffffffff  binit                 
UNDEFED   __mpu_init            

[42 symbols]
