******************************************************************************
                  TI ARM Linker PC v18.1.5                     
******************************************************************************
>> Linked Tue May  7 11:48:51 2019

OUTPUT FILE NAME:   <[TIVA]-PWM-test.out>
ENTRY POINT SYMBOL: "_c_int00_noinit_noargs"  address: 00000599


MEMORY CONFIGURATION

         name            origin    length      used     unused   attr    fill
----------------------  --------  ---------  --------  --------  ----  --------
  FLASH                 00000000   00040000  00000732  0003f8ce  R  X
  SRAM                  20000000   00008000  00000200  00007e00  RW X


SEGMENT ALLOCATION MAP

run origin  load origin   length   init length attrs members
----------  ----------- ---------- ----------- ----- -------
00000000    00000000    00000734   00000734    r-x
  00000000    00000000    0000026c   0000026c    r-- .intvecs
  0000026c    0000026c    00000436   00000436    r-x .text
  000006a4    000006a4    00000090   00000090    r-- .const
20000000    20000000    00000200   00000000    rw-
  20000000    20000000    00000200   00000000    rw- .stack


SECTION ALLOCATION MAP

 output                                  attributes/
section   page    origin      length       input sections
--------  ----  ----------  ----------   ----------------
.intvecs   0    00000000    0000026c     
                  00000000    0000026c     tm4c123gh6pm_startup_ccs.obj (.intvecs)

.text      0    0000026c    00000436     
                  0000026c    00000132     driverlib.lib : gpio.obj (.text:GPIOPadConfigSet)
                  0000039e    00000002     --HOLE-- [fill = 0]
                  000003a0    000000f4                   : sysctl.obj (.text:SysCtlClockSet)
                  00000494    00000088     main.obj (.text)
                  0000051c    00000048     driverlib.lib : gpio.obj (.text:GPIOPinConfigure)
                  00000564    00000034                   : sysctl.obj (.text:SysCtlPeripheralEnable)
                  00000598    00000030     rtsv7M4_T_le_v4SPD16_eabi.lib : boot_cortex_m.c.obj (.text:_c_int00_noinit_noargs:_c_int00_noinit_noargs)
                  000005c8    0000002a     driverlib.lib : gpio.obj (.text:GPIODirModeSet)
                  000005f2    00000022                   : pwm.obj (.text:PWMGenConfigure)
                  00000614    0000001e                   : pwm.obj (.text:PWMPulseWidthSet)
                  00000632    00000002     --HOLE-- [fill = 0]
                  00000634    00000014                   : sysctl.obj (.text:SysCtlPWMClockSet)
                  00000648    00000012                   : gpio.obj (.text:GPIOPinTypePWM)
                  0000065a    00000012                   : pwm.obj (.text:PWMOutputState)
                  0000066c    00000010                   : pwm.obj (.text:PWMGenPeriodSet)
                  0000067c    0000000c                   : pwm.obj (.text:PWMGenEnable)
                  00000688    0000000c     tm4c123gh6pm_startup_ccs.obj (.text)
                  00000694    00000006     driverlib.lib : sysctl.obj (.text:SysCtlDelay)
                  0000069a    00000004     rtsv7M4_T_le_v4SPD16_eabi.lib : pre_init.c.obj (.text:_system_pre_init)
                  0000069e    00000004                                   : exit.c.obj (.text:abort:abort)

.const     0    000006a4    00000090     
                  000006a4    00000090     driverlib.lib : gpio.obj (.const:g_pui32GPIOBaseAddrs)

.cinit     0    00000000    00000000     UNINITIALIZED

.init_array 
*          0    00000000    00000000     UNINITIALIZED

.stack     0    20000000    00000200     UNINITIALIZED
                  20000000    00000004     rtsv7M4_T_le_v4SPD16_eabi.lib : boot_cortex_m.c.obj (.stack)
                  20000004    000001fc     --HOLE--

MODULE SUMMARY

       Module                         code   ro data   rw data
       ------                         ----   -------   -------
    .\
       tm4c123gh6pm_startup_ccs.obj   12     620       0      
       main.obj                       136    0         0      
    +--+------------------------------+------+---------+---------+
       Total:                         148    620       0      
                                                              
    C:/ti/TivaWare_C_Series-2.1.4.178/driverlib/ccs/Debug/driverlib.lib
       gpio.obj                       438    144       0      
       sysctl.obj                     322    0         0      
       pwm.obj                        110    0         0      
    +--+------------------------------+------+---------+---------+
       Total:                         870    144       0      
                                                              
    C:\ti\ccsv8\tools\compiler\ti-cgt-arm_18.1.5.LTS\lib\rtsv7M4_T_le_v4SPD16_eabi.lib
       boot_cortex_m.c.obj            48     0         0      
       exit.c.obj                     4      0         0      
       pre_init.c.obj                 4      0         0      
    +--+------------------------------+------+---------+---------+
       Total:                         56     0         0      
                                                              
       Stack:                         0      0         512    
    +--+------------------------------+------+---------+---------+
       Grand Total:                   1074   764       512    


GLOBAL SYMBOLS: SORTED ALPHABETICALLY BY Name 

address   name                  
-------   ----                  
0000069f  C$$EXIT               
000005c9  GPIODirModeSet        
0000026d  GPIOPadConfigSet      
0000051d  GPIOPinConfigure      
00000649  GPIOPinTypePWM        
000005f3  PWMGenConfigure       
0000067d  PWMGenEnable          
0000066d  PWMGenPeriodSet       
0000065b  PWMOutputState        
00000615  PWMPulseWidthSet      
00000689  ResetISR              
000003a1  SysCtlClockSet        
00000695  SysCtlDelay           
00000635  SysCtlPWMClockSet     
00000565  SysCtlPeripheralEnable
20000200  __STACK_END           
00000200  __STACK_SIZE          
20000200  __STACK_TOP           
ffffffff  __TI_pprof_out_hndl   
ffffffff  __TI_prof_data_size   
ffffffff  __TI_prof_data_start  
00000000  __TI_static_base__    
ffffffff  __binit__             
ffffffff  __c_args__            
UNDEFED   __mpu_init            
20000000  __stack               
00000599  _c_int00_noinit_noargs
0000069b  _system_pre_init      
0000069f  abort                 
ffffffff  binit                 
00000000  g_pfnVectors          
00000495  main                  


GLOBAL SYMBOLS: SORTED BY Symbol Address 

address   name                  
-------   ----                  
00000000  __TI_static_base__    
00000000  g_pfnVectors          
00000200  __STACK_SIZE          
0000026d  GPIOPadConfigSet      
000003a1  SysCtlClockSet        
00000495  main                  
0000051d  GPIOPinConfigure      
00000565  SysCtlPeripheralEnable
00000599  _c_int00_noinit_noargs
000005c9  GPIODirModeSet        
000005f3  PWMGenConfigure       
00000615  PWMPulseWidthSet      
00000635  SysCtlPWMClockSet     
00000649  GPIOPinTypePWM        
0000065b  PWMOutputState        
0000066d  PWMGenPeriodSet       
0000067d  PWMGenEnable          
00000689  ResetISR              
00000695  SysCtlDelay           
0000069b  _system_pre_init      
0000069f  C$$EXIT               
0000069f  abort                 
20000000  __stack               
20000200  __STACK_END           
20000200  __STACK_TOP           
ffffffff  __TI_pprof_out_hndl   
ffffffff  __TI_prof_data_size   
ffffffff  __TI_prof_data_start  
ffffffff  __binit__             
ffffffff  __c_args__            
ffffffff  binit                 
UNDEFED   __mpu_init            

[32 symbols]
