******************************************************************************
                  TI ARM Linker PC v18.1.5                     
******************************************************************************
>> Linked Tue May  7 10:31:46 2019

OUTPUT FILE NAME:   <[TIVA]-PWM.out>
ENTRY POINT SYMBOL: "_c_int00_noinit_noargs"  address: 000005cd


MEMORY CONFIGURATION

         name            origin    length      used     unused   attr    fill
----------------------  --------  ---------  --------  --------  ----  --------
  FLASH                 00000000   00040000  00000778  0003f888  R  X
  SRAM                  20000000   00008000  00000200  00007e00  RW X


SEGMENT ALLOCATION MAP

run origin  load origin   length   init length attrs members
----------  ----------- ---------- ----------- ----- -------
00000000    00000000    00000778   00000778    r-x
  00000000    00000000    0000026c   0000026c    r-- .intvecs
  0000026c    0000026c    0000047c   0000047c    r-x .text
  000006e8    000006e8    00000090   00000090    r-- .const
20000000    20000000    00000200   00000000    rw-
  20000000    20000000    00000200   00000000    rw- .stack


SECTION ALLOCATION MAP

 output                                  attributes/
section   page    origin      length       input sections
--------  ----  ----------  ----------   ----------------
.intvecs   0    00000000    0000026c     
                  00000000    0000026c     tm4c123gh6pm_startup_ccs.obj (.intvecs)

.text      0    0000026c    0000047c     
                  0000026c    00000132     driverlib.lib : gpio.obj (.text:GPIOPadConfigSet)
                  0000039e    00000002     --HOLE-- [fill = 0]
                  000003a0    000000f4                   : sysctl.obj (.text:SysCtlClockSet)
                  00000494    000000bc     main.obj (.text)
                  00000550    00000048     driverlib.lib : gpio.obj (.text:GPIOPinConfigure)
                  00000598    00000034                   : sysctl.obj (.text:SysCtlPeripheralEnable)
                  000005cc    00000030     rtsv7M4_T_le_v4SPD16_eabi.lib : boot_cortex_m.c.obj (.text:_c_int00_noinit_noargs:_c_int00_noinit_noargs)
                  000005fc    0000002a     driverlib.lib : gpio.obj (.text:GPIODirModeSet)
                  00000626    00000022                   : pwm.obj (.text:PWMGenConfigure)
                  00000648    0000001e                   : pwm.obj (.text:PWMPulseWidthSet)
                  00000666    00000002     --HOLE-- [fill = 0]
                  00000668    00000014                   : sysctl.obj (.text:SysCtlPWMClockSet)
                  0000067c    00000012                   : gpio.obj (.text:GPIOPinTypePWM)
                  0000068e    00000012                   : pwm.obj (.text:PWMGenPeriodGet)
                  000006a0    00000012                   : pwm.obj (.text:PWMOutputState)
                  000006b2    00000010                   : pwm.obj (.text:PWMGenPeriodSet)
                  000006c2    0000000c                   : pwm.obj (.text:PWMGenEnable)
                  000006ce    0000000c     tm4c123gh6pm_startup_ccs.obj (.text)
                  000006da    00000006     driverlib.lib : sysctl.obj (.text:SysCtlDelay)
                  000006e0    00000004     rtsv7M4_T_le_v4SPD16_eabi.lib : pre_init.c.obj (.text:_system_pre_init)
                  000006e4    00000004                                   : exit.c.obj (.text:abort:abort)

.const     0    000006e8    00000090     
                  000006e8    00000090     driverlib.lib : gpio.obj (.const:g_pui32GPIOBaseAddrs)

.cinit     0    00000000    00000000     UNINITIALIZED

.init_array 
*          0    00000000    00000000     UNINITIALIZED

.stack     0    20000000    00000200     UNINITIALIZED
                  20000000    00000004     rtsv7M4_T_le_v4SPD16_eabi.lib : boot_cortex_m.c.obj (.stack)
                  20000004    000001fc     --HOLE--

MODULE SUMMARY

       Module                         code   ro data   rw data
       ------                         ----   -------   -------
    .\
       tm4c123gh6pm_startup_ccs.obj   12     620       0      
       main.obj                       188    0         0      
    +--+------------------------------+------+---------+---------+
       Total:                         200    620       0      
                                                              
    C:/ti/TivaWare_C_Series-2.1.4.178/driverlib/ccs/Debug/driverlib.lib
       gpio.obj                       438    144       0      
       sysctl.obj                     322    0         0      
       pwm.obj                        128    0         0      
    +--+------------------------------+------+---------+---------+
       Total:                         888    144       0      
                                                              
    C:\ti\ccsv8\tools\compiler\ti-cgt-arm_18.1.5.LTS\lib\rtsv7M4_T_le_v4SPD16_eabi.lib
       boot_cortex_m.c.obj            48     0         0      
       exit.c.obj                     4      0         0      
       pre_init.c.obj                 4      0         0      
    +--+------------------------------+------+---------+---------+
       Total:                         56     0         0      
                                                              
       Stack:                         0      0         512    
    +--+------------------------------+------+---------+---------+
       Grand Total:                   1144   764       512    


GLOBAL SYMBOLS: SORTED ALPHABETICALLY BY Name 

address   name                  
-------   ----                  
000006e5  C$$EXIT               
000005fd  GPIODirModeSet        
0000026d  GPIOPadConfigSet      
00000551  GPIOPinConfigure      
0000067d  GPIOPinTypePWM        
00000627  PWMGenConfigure       
000006c3  PWMGenEnable          
0000068f  PWMGenPeriodGet       
000006b3  PWMGenPeriodSet       
000006a1  PWMOutputState        
00000649  PWMPulseWidthSet      
000006cf  ResetISR              
000003a1  SysCtlClockSet        
000006db  SysCtlDelay           
00000669  SysCtlPWMClockSet     
00000599  SysCtlPeripheralEnable
20000200  __STACK_END           
00000200  __STACK_SIZE          
20000200  __STACK_TOP           
ffffffff  __TI_pprof_out_hndl   
ffffffff  __TI_prof_data_size   
ffffffff  __TI_prof_data_start  
00000000  __TI_static_base__    
ffffffff  __binit__             
ffffffff  __c_args__            
UNDEFED   __mpu_init            
20000000  __stack               
000005cd  _c_int00_noinit_noargs
000006e1  _system_pre_init      
000006e5  abort                 
ffffffff  binit                 
00000000  g_pfnVectors          
00000495  main                  


GLOBAL SYMBOLS: SORTED BY Symbol Address 

address   name                  
-------   ----                  
00000000  __TI_static_base__    
00000000  g_pfnVectors          
00000200  __STACK_SIZE          
0000026d  GPIOPadConfigSet      
000003a1  SysCtlClockSet        
00000495  main                  
00000551  GPIOPinConfigure      
00000599  SysCtlPeripheralEnable
000005cd  _c_int00_noinit_noargs
000005fd  GPIODirModeSet        
00000627  PWMGenConfigure       
00000649  PWMPulseWidthSet      
00000669  SysCtlPWMClockSet     
0000067d  GPIOPinTypePWM        
0000068f  PWMGenPeriodGet       
000006a1  PWMOutputState        
000006b3  PWMGenPeriodSet       
000006c3  PWMGenEnable          
000006cf  ResetISR              
000006db  SysCtlDelay           
000006e1  _system_pre_init      
000006e5  C$$EXIT               
000006e5  abort                 
20000000  __stack               
20000200  __STACK_END           
20000200  __STACK_TOP           
ffffffff  __TI_pprof_out_hndl   
ffffffff  __TI_prof_data_size   
ffffffff  __TI_prof_data_start  
ffffffff  __binit__             
ffffffff  __c_args__            
ffffffff  binit                 
UNDEFED   __mpu_init            

[33 symbols]
